Archive member included to satisfy reference by file (symbol)

C:/Users/mtaha/.pico-sdk/toolchain/13_3_Rel1/bin/../lib/gcc/arm-none-eabi/13.3.1/thumb/v6-m/nofp\libgcc.a(_dvmd_tls.o)
                              CMakeFiles/project_phase2.dir/C_/Users/mtaha/.pico-sdk/sdk/2.1.0/src/rp2_common/pico_divider/divider_hardware.S.obj (__aeabi_idiv0)
C:/Users/mtaha/.pico-sdk/toolchain/13_3_Rel1/bin/../lib/gcc/arm-none-eabi/13.3.1/thumb/v6-m/nofp\libg.a(libc_a-calloc.o)
                              CMakeFiles/project_phase2.dir/C_/Users/mtaha/.pico-sdk/sdk/2.1.0/src/rp2_common/pico_malloc/malloc.c.obj (calloc)
C:/Users/mtaha/.pico-sdk/toolchain/13_3_Rel1/bin/../lib/gcc/arm-none-eabi/13.3.1/thumb/v6-m/nofp\libg.a(libc_a-callocr.o)
                              C:/Users/mtaha/.pico-sdk/toolchain/13_3_Rel1/bin/../lib/gcc/arm-none-eabi/13.3.1/thumb/v6-m/nofp\libg.a(libc_a-calloc.o) (_calloc_r)
C:/Users/mtaha/.pico-sdk/toolchain/13_3_Rel1/bin/../lib/gcc/arm-none-eabi/13.3.1/thumb/v6-m/nofp\libg.a(libc_a-malloc.o)
                              CMakeFiles/project_phase2.dir/C_/Users/mtaha/.pico-sdk/sdk/2.1.0/src/rp2_common/pico_malloc/malloc.c.obj (malloc)
C:/Users/mtaha/.pico-sdk/toolchain/13_3_Rel1/bin/../lib/gcc/arm-none-eabi/13.3.1/thumb/v6-m/nofp\libg.a(libc_a-mallocr.o)
                              C:/Users/mtaha/.pico-sdk/toolchain/13_3_Rel1/bin/../lib/gcc/arm-none-eabi/13.3.1/thumb/v6-m/nofp\libg.a(libc_a-callocr.o) (_malloc_r)
C:/Users/mtaha/.pico-sdk/toolchain/13_3_Rel1/bin/../lib/gcc/arm-none-eabi/13.3.1/thumb/v6-m/nofp\libg.a(libc_a-mlock.o)
                              C:/Users/mtaha/.pico-sdk/toolchain/13_3_Rel1/bin/../lib/gcc/arm-none-eabi/13.3.1/thumb/v6-m/nofp\libg.a(libc_a-mallocr.o) (__malloc_lock)
C:/Users/mtaha/.pico-sdk/toolchain/13_3_Rel1/bin/../lib/gcc/arm-none-eabi/13.3.1/thumb/v6-m/nofp\libg.a(libc_a-realloc.o)
                              CMakeFiles/project_phase2.dir/C_/Users/mtaha/.pico-sdk/sdk/2.1.0/src/rp2_common/pico_malloc/malloc.c.obj (realloc)
C:/Users/mtaha/.pico-sdk/toolchain/13_3_Rel1/bin/../lib/gcc/arm-none-eabi/13.3.1/thumb/v6-m/nofp\libg.a(libc_a-reallocr.o)
                              C:/Users/mtaha/.pico-sdk/toolchain/13_3_Rel1/bin/../lib/gcc/arm-none-eabi/13.3.1/thumb/v6-m/nofp\libg.a(libc_a-realloc.o) (_realloc_r)
C:/Users/mtaha/.pico-sdk/toolchain/13_3_Rel1/bin/../lib/gcc/arm-none-eabi/13.3.1/thumb/v6-m/nofp\libg.a(libc_a-memcmp.o)
                              CMakeFiles/project_phase2.dir/C_/Users/mtaha/.pico-sdk/sdk/2.1.0/src/rp2_common/pico_atomic/atomic.c.obj (memcmp)
C:/Users/mtaha/.pico-sdk/toolchain/13_3_Rel1/bin/../lib/gcc/arm-none-eabi/13.3.1/thumb/v6-m/nofp\libg.a(libc_a-memmove.o)
                              C:/Users/mtaha/.pico-sdk/toolchain/13_3_Rel1/bin/../lib/gcc/arm-none-eabi/13.3.1/thumb/v6-m/nofp\libg.a(libc_a-reallocr.o) (memmove)
C:/Users/mtaha/.pico-sdk/toolchain/13_3_Rel1/bin/../lib/gcc/arm-none-eabi/13.3.1/thumb/v6-m/nofp\libg.a(libc_a-lcltime_r.o)
                              CMakeFiles/project_phase2.dir/C_/Users/mtaha/.pico-sdk/sdk/2.1.0/src/common/pico_util/datetime.c.obj (localtime_r)
C:/Users/mtaha/.pico-sdk/toolchain/13_3_Rel1/bin/../lib/gcc/arm-none-eabi/13.3.1/thumb/v6-m/nofp\libg.a(libc_a-mktime.o)
                              CMakeFiles/project_phase2.dir/C_/Users/mtaha/.pico-sdk/sdk/2.1.0/src/common/pico_util/datetime.c.obj (mktime)
C:/Users/mtaha/.pico-sdk/toolchain/13_3_Rel1/bin/../lib/gcc/arm-none-eabi/13.3.1/thumb/v6-m/nofp\libg.a(libc_a-month_lengths.o)
                              C:/Users/mtaha/.pico-sdk/toolchain/13_3_Rel1/bin/../lib/gcc/arm-none-eabi/13.3.1/thumb/v6-m/nofp\libg.a(libc_a-lcltime_r.o) (__month_lengths)
C:/Users/mtaha/.pico-sdk/toolchain/13_3_Rel1/bin/../lib/gcc/arm-none-eabi/13.3.1/thumb/v6-m/nofp\libg.a(libc_a-tzcalc_limits.o)
                              C:/Users/mtaha/.pico-sdk/toolchain/13_3_Rel1/bin/../lib/gcc/arm-none-eabi/13.3.1/thumb/v6-m/nofp\libg.a(libc_a-lcltime_r.o) (__tzcalc_limits)
C:/Users/mtaha/.pico-sdk/toolchain/13_3_Rel1/bin/../lib/gcc/arm-none-eabi/13.3.1/thumb/v6-m/nofp\libg.a(libc_a-tzlock.o)
                              C:/Users/mtaha/.pico-sdk/toolchain/13_3_Rel1/bin/../lib/gcc/arm-none-eabi/13.3.1/thumb/v6-m/nofp\libg.a(libc_a-lcltime_r.o) (__tz_lock)
C:/Users/mtaha/.pico-sdk/toolchain/13_3_Rel1/bin/../lib/gcc/arm-none-eabi/13.3.1/thumb/v6-m/nofp\libg.a(libc_a-tzset.o)
                              C:/Users/mtaha/.pico-sdk/toolchain/13_3_Rel1/bin/../lib/gcc/arm-none-eabi/13.3.1/thumb/v6-m/nofp\libg.a(libc_a-lcltime_r.o) (_tzset_unlocked)
C:/Users/mtaha/.pico-sdk/toolchain/13_3_Rel1/bin/../lib/gcc/arm-none-eabi/13.3.1/thumb/v6-m/nofp\libg.a(libc_a-tzset_r.o)
                              C:/Users/mtaha/.pico-sdk/toolchain/13_3_Rel1/bin/../lib/gcc/arm-none-eabi/13.3.1/thumb/v6-m/nofp\libg.a(libc_a-tzset.o) (_tzset_unlocked_r)
C:/Users/mtaha/.pico-sdk/toolchain/13_3_Rel1/bin/../lib/gcc/arm-none-eabi/13.3.1/thumb/v6-m/nofp\libg.a(libc_a-tzvars.o)
[...]
Memory Configuration

Name             Origin             Length             Attributes
FLASH            0x10000000         0x00200000         xr
RAM              0x20000000         0x00040000         xrw
SCRATCH_X        0x20040000         0x00001000         xrw
SCRATCH_Y        0x20041000         0x00001000         xrw
*default*        0x00000000         0xffffffff

Linker script and memory map

LOAD C:/Users/mtaha/.pico-sdk/toolchain/13_3_Rel1/bin/../lib/gcc/arm-none-eabi/13.3.1/thumb/v6-m/nofp/crti.o
LOAD C:/Users/mtaha/.pico-sdk/toolchain/13_3_Rel1/bin/../lib/gcc/arm-none-eabi/13.3.1/thumb/v6-m/nofp/crtbegin.o
LOAD C:/Users/mtaha/.pico-sdk/toolchain/13_3_Rel1/bin/../lib/gcc/arm-none-eabi/13.3.1/thumb/v6-m/nofp/crt0.o

.flash_begin    0x10000000        0x0
                0x10000000                        __flash_binary_start = .

.boot2          0x10000000      0x100
                0x10000000                        __boot2_start__ = .
 *(.boot2)
 .boot2         0x10000000      0x100 pico-sdk/src/rp2040/boot_stage2/CMakeFiles/bs2_default_library.dir/./bs2_default_padded_checksummed.S.obj
                0x10000100                        __boot2_end__ = .
                0x00000001                        ASSERT (((__boot2_end__ - __boot2_start__) == 0x100), ERROR: Pico second stage bootloader must be 256 bytes in size)

.text           0x10000100     0x6f7c
                0x10000100                        __logical_binary_start = .
 *(.vectors)
 .vectors       0x10000100       0xd4 CMakeFiles/project_phase2.dir/C_/Users/mtaha/.pico-sdk/sdk/2.1.0/src/rp2_common/pico_crt0/crt0.S.obj
                0x10000100                __VECTOR_TABLE
                0x10000100                __vectors
                0x100001c0                isr_invalid
                0x100001c0                __default_isrs_start
                0x100001c2                isr_nmi
                0x100001c4                isr_hardfault
                0x100001c6                isr_svcall
                0x100001c8                isr_pendsv
                0x100001ca                isr_systick
                0x100001cc                isr_irq23
                0x100001cc                isr_irq18
                0x100001cc                isr_irq11
                0x100001cc                isr_irq28
                0x100001cc                isr_irq19
                0x100001cc                isr_irq0
                0x100001cc                isr_irq6
                0x100001cc                isr_irq5
                0x100001cc                isr_irq12
                0x100001cc                isr_irq22
                0x100001cc                isr_irq31
                0x100001cc                isr_irq17
                0x100001cc                isr_irq27
                0x100001cc                isr_irq30
                0x100001cc                isr_irq2
                0x100001cc                isr_irq10
                0x100001cc                isr_irq8
                0x100001cc                isr_irq24
                0x100001cc                isr_irq1
                0x100001cc                isr_irq7
                0x100001cc                isr_irq21
                0x100001cc                isr_irq20
                0x100001cc                isr_irq15
                0x100001cc                isr_irq25
                0x100001cc                isr_irq13
                0x100001cc                __unhandled_user_irq
                0x100001cc                isr_irq4
                0x100001cc                isr_irq16
                0x100001cc                isr_irq29
                0x100001cc                isr_irq26
                0x100001cc                __default_isrs_end
                0x100001cc                isr_irq3
                0x100001cc                isr_irq14
                0x100001cc                isr_irq9
                0x100001d2                unhandled_user_irq_num_in_r0
 *(.binary_info_header)
 .binary_info_header
                0x100001d4       0x14 CMakeFiles/project_phase2.dir/C_/Users/mtaha/.pico-sdk/sdk/2.1.0/src/rp2_common/pico_crt0/crt0.S.obj
                0x100001e8                        __binary_info_header_end = .
 *(.embedded_block)
                0x100001e8                        __embedded_block_end = .
 *(.reset)
 .reset         0x100001e8       0x9c CMakeFiles/project_phase2.dir/C_/Users/mtaha/.pico-sdk/sdk/2.1.0/src/rp2_common/pico_crt0/crt0.S.obj
                0x100001e8                _entry_point
 *(.init)
 .init          0x10000284        0x4 C:/Users/mtaha/.pico-sdk/toolchain/13_3_Rel1/bin/../lib/gcc/arm-none-eabi/13.3.1/thumb/v6-m/nofp/crti.o
                0x10000284                _init
 *(EXCLUDE_FILE(*libm.a: *libc.a:*lib_a-mem*.o *libgcc.a:) .text*)
 .text.register_tm_clones
                0x10000288       0x28 C:/Users/mtaha/.pico-sdk/toolchain/13_3_Rel1/bin/../lib/gcc/arm-none-eabi/13.3.1/thumb/v6-m/nofp/crtbegin.o
 .text.frame_dummy
                0x100002b0       0x24 C:/Users/mtaha/.pico-sdk/toolchain/13_3_Rel1/bin/../lib/gcc/arm-none-eabi/13.3.1/thumb/v6-m/nofp/crtbegin.o
 .text.startup.main
                0x100002d4      0x188 CMakeFiles/project_phase2.dir/main.c.obj
                0x100002d4                main
 .text.gpio_set_function
                0x1000045c       0x34 CMakeFiles/project_phase2.dir/C_/Users/mtaha/.pico-sdk/sdk/2.1.0/src/rp2_common/hardware_gpio/gpio.c.obj
                0x1000045c                gpio_set_function
 .text.gpio_set_pulls
                0x10000490       0x28 CMakeFiles/project_phase2.dir/C_/Users/mtaha/.pico-sdk/sdk/2.1.0/src/rp2_common/hardware_gpio/gpio.c.obj
                0x10000490                gpio_set_pulls
 .text.gpio_set_input_enabled
                0x100004b8       0x28 CMakeFiles/project_phase2.dir/C_/Users/mtaha/.pico-sdk/sdk/2.1.0/src/rp2_common/hardware_gpio/gpio.c.obj
                0x100004b8                gpio_set_input_enabled
 .text.rp2040_chip_version
                0x100004e0        0xc CMakeFiles/project_phase2.dir/C_/Users/mtaha/.pico-sdk/sdk/2.1.0/src/rp2040/pico_platform/platform.c.obj
                0x100004e0                rp2040_chip_version
 .text.panic    0x100004ec       0x30 CMakeFiles/project_phase2.dir/C_/Users/mtaha/.pico-sdk/sdk/2.1.0/src/rp2_common/pico_platform_panic/panic.c.obj
                0x100004ec                panic
 .text.hw_claim_or_assert
                0x1000051c       0x44 CMakeFiles/project_phase2.dir/C_/Users/mtaha/.pico-sdk/sdk/2.1.0/src/common/hardware_claim/claim.c.obj
                0x1000051c                hw_claim_or_assert
 .text.hw_claim_unused_from_range
                0x10000560       0x9c CMakeFiles/project_phase2.dir/C_/Users/mtaha/.pico-sdk/sdk/2.1.0/src/common/hardware_claim/claim.c.obj
                0x10000560                hw_claim_unused_from_range
 .text.next_striped_spin_lock_num
                0x100005fc       0x18 CMakeFiles/project_phase2.dir/C_/Users/mtaha/.pico-sdk/sdk/2.1.0/src/rp2_common/hardware_sync/sync.c.obj
                0x100005fc                next_striped_spin_lock_num
 .text.spin_lock_claim_unused
                0x10000614       0x24 CMakeFiles/project_phase2.dir/C_/Users/mtaha/.pico-sdk/sdk/2.1.0/src/rp2_common/hardware_sync/sync.c.obj
                0x10000614                spin_lock_claim_unused
 .text.spin_locks_reset
                0x10000638       0x1c CMakeFiles/project_phase2.dir/C_/Users/mtaha/.pico-sdk/sdk/2.1.0/src/rp2_common/hardware_sync_spin_lock/sync_spin_lock.c.obj
                0x10000638                spin_locks_reset
 .text.runtime_init_per_core_irq_priorities
                0x10000654       0x24 CMakeFiles/project_phase2.dir/C_/Users/mtaha/.pico-sdk/sdk/2.1.0/src/rp2_common/hardware_irq/irq.c.obj
                0x10000654                runtime_init_per_core_irq_priorities
 .text.irq_set_enabled
                0x10000678       0x24 CMakeFiles/project_phase2.dir/C_/Users/mtaha/.pico-sdk/sdk/2.1.0/src/rp2_common/hardware_irq/irq.c.obj
                0x10000678                irq_set_enabled
 .text.irq_is_enabled
                0x1000069c       0x18 CMakeFiles/project_phase2.dir/C_/Users/mtaha/.pico-sdk/sdk/2.1.0/src/rp2_common/hardware_irq/irq.c.obj
                0x1000069c                irq_is_enabled
 .text.irq_set_pending
                0x100006b4       0x10 CMakeFiles/project_phase2.dir/C_/Users/mtaha/.pico-sdk/sdk/2.1.0/src/rp2_common/hardware_irq/irq.c.obj
                0x100006b4                irq_set_pending
 .text.irq_has_shared_handler
                0x100006c4       0x2c CMakeFiles/project_phase2.dir/C_/Users/mtaha/.pico-sdk/sdk/2.1.0/src/rp2_common/hardware_irq/irq.c.obj
                0x100006c4                irq_has_shared_handler
 .text.irq_set_exclusive_handler
                0x100006f0       0x54 CMakeFiles/project_phase2.dir/C_/Users/mtaha/.pico-sdk/sdk/2.1.0/src/rp2_common/hardware_irq/irq.c.obj
                0x100006f0                irq_set_exclusive_handler
 .text.irq_add_shared_handler
                0x10000744      0x1f4 CMakeFiles/project_phase2.dir/C_/Users/mtaha/.pico-sdk/sdk/2.1.0/src/rp2_common/hardware_irq/irq.c.obj
                0x10000744                irq_add_shared_handler
 .text.irq_remove_handler
                0x10000938      0x1d4 CMakeFiles/project_phase2.dir/C_/Users/mtaha/.pico-sdk/sdk/2.1.0/src/rp2_common/hardware_irq/irq.c.obj
                0x10000938                irq_remove_handler
 .text.irq_add_tail_to_free_list
                0x10000b0c       0xb4 CMakeFiles/project_phase2.dir/C_/Users/mtaha/.pico-sdk/sdk/2.1.0/src/rp2_common/hardware_irq/irq.c.obj
                0x10000b0c                irq_add_tail_to_free_list
 .text.user_irq_claim_unused
                0x10000bc0       0x2c CMakeFiles/project_phase2.dir/C_/Users/mtaha/.pico-sdk/sdk/2.1.0/src/rp2_common/hardware_irq/irq.c.obj
                0x10000bc0                user_irq_claim_unused
 .text.lock_init
                0x10000bec       0x10 CMakeFiles/project_phase2.dir/C_/Users/mtaha/.pico-sdk/sdk/2.1.0/src/common/pico_sync/lock_core.c.obj
                0x10000bec                lock_init
 .text.runtime_init_mutex
                0x10000bfc       0x50 CMakeFiles/project_phase2.dir/C_/Users/mtaha/.pico-sdk/sdk/2.1.0/src/common/pico_sync/mutex.c.obj
                0x10000bfc                runtime_init_mutex
 .text.mutex_init
                0x10000c4c       0x1c CMakeFiles/project_phase2.dir/C_/Users/mtaha/.pico-sdk/sdk/2.1.0/src/common/pico_sync/mutex.c.obj
                0x10000c4c                mutex_init
 .text.critical_section_init
                0x10000c68       0x1c CMakeFiles/project_phase2.dir/C_/Users/mtaha/.pico-sdk/sdk/2.1.0/src/common/pico_sync/critical_section.c.obj
                0x10000c68                critical_section_init
 .text.critical_section_init_with_lock_num
                0x10000c84       0x14 CMakeFiles/project_phase2.dir/C_/Users/mtaha/.pico-sdk/sdk/2.1.0/src/common/pico_sync/critical_section.c.obj
                0x10000c84                critical_section_init_with_lock_num
 .text.sleep_until_callback
                0x10000c98       0x30 CMakeFiles/project_phase2.dir/C_/Users/mtaha/.pico-sdk/sdk/2.1.0/src/common/pico_time/time.c.obj
 .text.alarm_pool_irq_handler
                0x10000cc8      0x2fc CMakeFiles/project_phase2.dir/C_/Users/mtaha/.pico-sdk/sdk/2.1.0/src/common/pico_time/time.c.obj
 .text.runtime_init_default_alarm_pool
                0x10000fc4       0xdc CMakeFiles/project_phase2.dir/C_/Users/mtaha/.pico-sdk/sdk/2.1.0/src/common/pico_time/time.c.obj
                0x10000fc4                runtime_init_default_alarm_pool
 .text.alarm_pool_get_default
                0x100010a0        0x8 CMakeFiles/project_phase2.dir/C_/Users/mtaha/.pico-sdk/sdk/2.1.0/src/common/pico_time/time.c.obj
                0x100010a0                alarm_pool_get_default
 .text.alarm_pool_add_alarm_at
                0x100010a8       0xd4 CMakeFiles/project_phase2.dir/C_/Users/mtaha/.pico-sdk/sdk/2.1.0/src/common/pico_time/time.c.obj
                0x100010a8                alarm_pool_add_alarm_at
 .text.alarm_pool_add_alarm_at_force_in_context
                0x1000117c       0xb0 CMakeFiles/project_phase2.dir/C_/Users/mtaha/.pico-sdk/sdk/2.1.0/src/common/pico_time/time.c.obj
                0x1000117c                alarm_pool_add_alarm_at_force_in_context
 .text.alarm_pool_cancel_alarm
                0x1000122c       0x74 CMakeFiles/project_phase2.dir/C_/Users/mtaha/.pico-sdk/sdk/2.1.0/src/common/pico_time/time.c.obj
                0x1000122c                alarm_pool_cancel_alarm
 .text.alarm_pool_core_num
                0x100012a0        0x4 CMakeFiles/project_phase2.dir/C_/Users/mtaha/.pico-sdk/sdk/2.1.0/src/common/pico_time/time.c.obj
                0x100012a0                alarm_pool_core_num
 .text.best_effort_wfe_or_timeout
                0x100012a4       0xe0 CMakeFiles/project_phase2.dir/C_/Users/mtaha/.pico-sdk/sdk/2.1.0/src/common/pico_time/time.c.obj
                0x100012a4                best_effort_wfe_or_timeout
 .text.timer_hardware_alarm_claim
                0x10001384       0x14 CMakeFiles/project_phase2.dir/C_/Users/mtaha/.pico-sdk/sdk/2.1.0/src/rp2_common/hardware_timer/timer.c.obj
                0x10001384                timer_hardware_alarm_claim
 .text.timer_time_us_64
                0x10001398       0x10 CMakeFiles/project_phase2.dir/C_/Users/mtaha/.pico-sdk/sdk/2.1.0/src/rp2_common/hardware_timer/timer.c.obj
                0x10001398                timer_time_us_64
 .text.time_us_64
                0x100013a8       0x14 CMakeFiles/project_phase2.dir/C_/Users/mtaha/.pico-sdk/sdk/2.1.0/src/rp2_common/hardware_timer/timer.c.obj
                0x100013a8                time_us_64
 .text.busy_wait_us
                0x100013bc       0x68 CMakeFiles/project_phase2.dir/C_/Users/mtaha/.pico-sdk/sdk/2.1.0/src/rp2_common/hardware_timer/timer.c.obj
                0x100013bc                busy_wait_us
 .text.uart_init
                0x10001424      0x120 CMakeFiles/project_phase2.dir/C_/Users/mtaha/.pico-sdk/sdk/2.1.0/src/rp2_common/hardware_uart/uart.c.obj
                0x10001424                uart_init
 .text.clock_configure_int_divider
                0x10001544       0xf4 CMakeFiles/project_phase2.dir/C_/Users/mtaha/.pico-sdk/sdk/2.1.0/src/rp2_common/hardware_clocks/clocks.c.obj
                0x10001544                clock_configure_int_divider
 .text.clock_configure_undivided
                0x10001638       0xe8 CMakeFiles/project_phase2.dir/C_/Users/mtaha/.pico-sdk/sdk/2.1.0/src/rp2_common/hardware_clocks/clocks.c.obj
                0x10001638                clock_configure_undivided
 .text.clock_get_hz
                0x10001720        0xc CMakeFiles/project_phase2.dir/C_/Users/mtaha/.pico-sdk/sdk/2.1.0/src/rp2_common/hardware_clocks/clocks.c.obj
                0x10001720                clock_get_hz
 .text.pll_init
                0x1000172c       0xa4 CMakeFiles/project_phase2.dir/C_/Users/mtaha/.pico-sdk/sdk/2.1.0/src/rp2_common/hardware_pll/pll.c.obj
                0x1000172c                pll_init
 .text.watchdog_reboot
                0x100017d0       0x9c CMakeFiles/project_phase2.dir/C_/Users/mtaha/.pico-sdk/sdk/2.1.0/src/rp2_common/hardware_watchdog/watchdog.c.obj
                0x100017d0                watchdog_reboot
 .text.tick_start
                0x1000186c       0x10 CMakeFiles/project_phase2.dir/C_/Users/mtaha/.pico-sdk/sdk/2.1.0/src/rp2_common/hardware_ticks/ticks.c.obj
                0x1000186c                tick_start
 .text.rom_func_lookup
                0x1000187c       0x10 CMakeFiles/project_phase2.dir/C_/Users/mtaha/.pico-sdk/sdk/2.1.0/src/rp2_common/pico_bootrom/bootrom.c.obj
                0x1000187c                rom_func_lookup
 .text.rom_data_lookup
                0x1000188c       0x10 CMakeFiles/project_phase2.dir/C_/Users/mtaha/.pico-sdk/sdk/2.1.0/src/rp2_common/pico_bootrom/bootrom.c.obj
                0x1000188c                rom_data_lookup
 .text.rom_funcs_lookup
                0x1000189c       0x44 CMakeFiles/project_phase2.dir/C_/Users/mtaha/.pico-sdk/sdk/2.1.0/src/rp2_common/pico_bootrom/bootrom.c.obj
                0x1000189c                rom_funcs_lookup
 .text.rom_reset_usb_boot_extra
                0x100018e0       0x28 CMakeFiles/project_phase2.dir/C_/Users/mtaha/.pico-sdk/sdk/2.1.0/src/rp2_common/pico_bootrom/bootrom.c.obj
                0x100018e0                rom_reset_usb_boot_extra
 .text.xosc_init
                0x10001908       0x28 CMakeFiles/project_phase2.dir/C_/Users/mtaha/.pico-sdk/sdk/2.1.0/src/rp2_common/hardware_xosc/xosc.c.obj
                0x10001908                xosc_init
 .text.first_per_core_initializer
                0x10001930        0x4 CMakeFiles/project_phase2.dir/C_/Users/mtaha/.pico-sdk/sdk/2.1.0/src/rp2_common/pico_runtime/runtime.c.obj
 .text.hard_assertion_failure
                0x10001934        0xc CMakeFiles/project_phase2.dir/C_/Users/mtaha/.pico-sdk/sdk/2.1.0/src/rp2_common/pico_runtime/runtime.c.obj
                0x10001934                hard_assertion_failure
 .text.runtime_run_initializers
                0x10001940       0x28 CMakeFiles/project_phase2.dir/C_/Users/mtaha/.pico-sdk/sdk/2.1.0/src/rp2_common/pico_runtime/runtime.c.obj
                0x10001940                runtime_run_initializers
 .text.runtime_init_early_resets
                0x10001968       0x2c CMakeFiles/project_phase2.dir/C_/Users/mtaha/.pico-sdk/sdk/2.1.0/src/rp2_common/pico_runtime_init/runtime_init.c.obj
                0x10001968                runtime_init_early_resets
 .text.runtime_init_usb_power_down
                0x10001994       0x1c CMakeFiles/project_phase2.dir/C_/Users/mtaha/.pico-sdk/sdk/2.1.0/src/rp2_common/pico_runtime_init/runtime_init.c.obj
                0x10001994                runtime_init_usb_power_down
 .text.runtime_init_post_clock_resets
                0x100019b0       0x20 CMakeFiles/project_phase2.dir/C_/Users/mtaha/.pico-sdk/sdk/2.1.0/src/rp2_common/pico_runtime_init/runtime_init.c.obj
                0x100019b0                runtime_init_post_clock_resets
 .text.runtime_init_rp2040_gpio_ie_disable
                0x100019d0       0x14 CMakeFiles/project_phase2.dir/C_/Users/mtaha/.pico-sdk/sdk/2.1.0/src/rp2_common/pico_runtime_init/runtime_init.c.obj
                0x100019d0                runtime_init_rp2040_gpio_ie_disable
 .text.runtime_init_spin_locks_reset
                0x100019e4        0x8 CMakeFiles/project_phase2.dir/C_/Users/mtaha/.pico-sdk/sdk/2.1.0/src/rp2_common/pico_runtime_init/runtime_init.c.obj
                0x100019e4                runtime_init_spin_locks_reset
 .text.runtime_init_install_ram_vector_table
                0x100019ec       0x1c CMakeFiles/project_phase2.dir/C_/Users/mtaha/.pico-sdk/sdk/2.1.0/src/rp2_common/pico_runtime_init/runtime_init.c.obj
                0x100019ec                runtime_init_install_ram_vector_table
 .text.runtime_init_clocks
                0x10001a08       0xd8 CMakeFiles/project_phase2.dir/C_/Users/mtaha/.pico-sdk/sdk/2.1.0/src/rp2_common/pico_runtime_init/runtime_init_clocks.c.obj
                0x10001a08                runtime_init_clocks
 .text          0x10001ae0       0x10 CMakeFiles/project_phase2.dir/C_/Users/mtaha/.pico-sdk/sdk/2.1.0/src/rp2_common/pico_bit_ops/bit_ops_aeabi.S.obj
 .text.__wrap___aeabi_idiv
                0x10001af0       0x50 CMakeFiles/project_phase2.dir/C_/Users/mtaha/.pico-sdk/sdk/2.1.0/src/rp2_common/pico_divider/divider_hardware.S.obj
                0x10001af0                __wrap___aeabi_idivmod
                0x10001af0                divmod_s32s32
                0x10001af0                div_s32s32
                0x10001af0                __wrap___aeabi_idiv
                0x10001af8                divmod_s32s32_unsafe
                0x10001b24                divmod_s32s32_savestate
 .text.__wrap___aeabi_uidiv
                0x10001b40       0x4c CMakeFiles/project_phase2.dir/C_/Users/mtaha/.pico-sdk/sdk/2.1.0/src/rp2_common/pico_divider/divider_hardware.S.obj
                0x10001b40                __wrap___aeabi_uidiv
                0x10001b40                __wrap___aeabi_uidivmod
                0x10001b40                div_u32u32
                0x10001b40                divmod_u32u32
                0x10001b48                divmod_u32u32_unsafe
                0x10001b70                divmod_u32u32_savestate
 .text.__wrap___aeabi_ldiv
                0x10001b8c      0x424 CMakeFiles/project_phase2.dir/C_/Users/mtaha/.pico-sdk/sdk/2.1.0/src/rp2_common/pico_divider/divider_hardware.S.obj
                0x10001b8c                div_s64s64
                0x10001b8c                divmod_s64s64
                0x10001b8c                __wrap___aeabi_ldivmod
                0x10001bbc                divmod_u64u64
                0x10001bbc                div_u64u64
                0x10001bbc                __wrap___aeabi_uldivmod
                0x10001bcc                divmod_u64u64_savestate
                0x10001bec                divmod_s64s64_unsafe
                0x10001c74                divmod_u64u64_unsafe
 .text.__wrap___aeabi_darithmetic
                0x10001fb0       0x80 CMakeFiles/project_phase2.dir/C_/Users/mtaha/.pico-sdk/sdk/2.1.0/src/rp2_common/pico_double/double_aeabi_rp2040.S.obj
                0x10001fb0                __wrap___aeabi_drsub
                0x10001fb6                __wrap___aeabi_dsub
                0x10001fc8                __wrap___aeabi_dadd
                0x10001fda                __wrap___aeabi_ddiv
                0x10002016                __wrap___aeabi_dmul
 .text.__wrap___aeabi_cdcmple
                0x10002030       0x6c CMakeFiles/project_phase2.dir/C_/Users/mtaha/.pico-sdk/sdk/2.1.0/src/rp2_common/pico_double/double_aeabi_rp2040.S.obj
                0x10002030                __wrap___aeabi_cdrcmple
                0x10002040                __wrap___aeabi_cdcmpeq
                0x10002040                __wrap___aeabi_cdcmple
 .text.__wrap___aeabi_dcmplt
                0x1000209c        0xc CMakeFiles/project_phase2.dir/C_/Users/mtaha/.pico-sdk/sdk/2.1.0/src/rp2_common/pico_double/double_aeabi_rp2040.S.obj
                0x1000209c                __wrap___aeabi_dcmplt
 .text.__wrap___aeabi_dcmpge
                0x100020a8       0x10 CMakeFiles/project_phase2.dir/C_/Users/mtaha/.pico-sdk/sdk/2.1.0/src/rp2_common/pico_double/double_aeabi_rp2040.S.obj
                0x100020a8                __wrap___aeabi_dcmpge
 .text.__wrap___aeabi_dcmpgt
                0x100020b8        0xa CMakeFiles/project_phase2.dir/C_/Users/mtaha/.pico-sdk/sdk/2.1.0/src/rp2_common/pico_double/double_aeabi_rp2040.S.obj
                0x100020b8                __wrap___aeabi_dcmpgt
 .text.__wrap___aeabi_dcmpun
                0x100020c2       0x18 CMakeFiles/project_phase2.dir/C_/Users/mtaha/.pico-sdk/sdk/2.1.0/src/rp2_common/pico_double/double_aeabi_rp2040.S.obj
                0x100020c2                __wrap___aeabi_dcmpun
 *fill*         0x100020da        0x2 
 .text.__wrap___aeabi_i2d
                0x100020dc       0x38 CMakeFiles/project_phase2.dir/C_/Users/mtaha/.pico-sdk/sdk/2.1.0/src/rp2_common/pico_double/double_aeabi_rp2040.S.obj
                0x100020dc                __wrap___aeabi_ui2d
                0x100020e4                __wrap___aeabi_i2d
 .text.__wrap___aeabi_d2iz
                0x10002114       0x48 CMakeFiles/project_phase2.dir/C_/Users/mtaha/.pico-sdk/sdk/2.1.0/src/rp2_common/pico_double/double_aeabi_rp2040.S.obj
                0x10002114                double2int_z
                0x10002114                __wrap___aeabi_d2iz
 .text.__wrap___aeabi_d2uiz
                0x1000215c       0x18 CMakeFiles/project_phase2.dir/C_/Users/mtaha/.pico-sdk/sdk/2.1.0/src/rp2_common/pico_double/double_aeabi_rp2040.S.obj
                0x1000215c                __wrap___aeabi_d2uiz
                0x1000215c                double2uint
 .text.__aeabi_double_init
                0x10002174       0xa4 CMakeFiles/project_phase2.dir/C_/Users/mtaha/.pico-sdk/sdk/2.1.0/src/rp2_common/pico_double/double_init_rom_rp2040.c.obj
                0x10002174                __aeabi_double_init
 .text.double_table_shim_on_use_helper
                0x10002218       0x2c CMakeFiles/project_phase2.dir/C_/Users/mtaha/.pico-sdk/sdk/2.1.0/src/rp2_common/pico_double/double_v1_rom_shim_rp2040.S.obj
                0x10002218                double_table_shim_on_use_helper
 .text.__wrap___aeabi_dsub
                0x10002244       0x10 CMakeFiles/project_phase2.dir/C_/Users/mtaha/.pico-sdk/sdk/2.1.0/src/rp2_common/pico_double/double_v1_rom_shim_rp2040.S.obj
                0x10002244                drsub_shim
                0x1000224a                dsub_shim
 .text.dadd_shim
                0x10002254      0x15c CMakeFiles/project_phase2.dir/C_/Users/mtaha/.pico-sdk/sdk/2.1.0/src/rp2_common/pico_double/double_v1_rom_shim_rp2040.S.obj
                0x10002254                dadd_shim
 .text.dmul_shim
                0x100023b0      0x15c CMakeFiles/project_phase2.dir/C_/Users/mtaha/.pico-sdk/sdk/2.1.0/src/rp2_common/pico_double/double_v1_rom_shim_rp2040.S.obj
                0x100023b0                dmul_shim
 .text.ddiv_shim
                0x1000250c      0x1b0 CMakeFiles/project_phase2.dir/C_/Users/mtaha/.pico-sdk/sdk/2.1.0/src/rp2_common/pico_double/double_v1_rom_shim_rp2040.S.obj
                0x1000250c                ddiv_shim
 .text.double2uint_shim
                0x100026bc        0xe CMakeFiles/project_phase2.dir/C_/Users/mtaha/.pico-sdk/sdk/2.1.0/src/rp2_common/pico_double/double_v1_rom_shim_rp2040.S.obj
                0x100026bc                double2uint_shim
                0x100026be                double2ufix_shim
 *fill*         0x100026ca        0x2 
 .text.double2uint64_shim
                0x100026cc       0x70 CMakeFiles/project_phase2.dir/C_/Users/mtaha/.pico-sdk/sdk/2.1.0/src/rp2_common/pico_double/double_v1_rom_shim_rp2040.S.obj
                0x100026cc                double2uint64_shim
                0x100026ce                double2ufix64_shim
                0x100026ee                d2fix_a
 .text.dunpacks
                0x1000273c       0x3c CMakeFiles/project_phase2.dir/C_/Users/mtaha/.pico-sdk/sdk/2.1.0/src/rp2_common/pico_double/double_v1_rom_shim_rp2040.S.obj
                0x1000273c                dunpacks
 .text.__aeabi_lmul
                0x10002778       0x32 CMakeFiles/project_phase2.dir/C_/Users/mtaha/.pico-sdk/sdk/2.1.0/src/rp2_common/pico_int64_ops/pico_int64_ops_aeabi.S.obj
                0x10002778                __wrap___aeabi_lmul
 *fill*         0x100027aa        0x2 
 .text.__wrap___aeabi_farithmetic
                0x100027ac       0x48 CMakeFiles/project_phase2.dir/C_/Users/mtaha/.pico-sdk/sdk/2.1.0/src/rp2_common/pico_float/float_aeabi_rp2040.S.obj
                0x100027ac                __wrap___aeabi_frsub
                0x100027b2                __wrap___aeabi_fsub
                0x100027b8                __wrap___aeabi_fadd
                0x100027be                __wrap___aeabi_fdiv
                0x100027e6                __wrap___aeabi_fmul
 .text.__wrap___aeabi_ui2f
                0x100027f4        0xa CMakeFiles/project_phase2.dir/C_/Users/mtaha/.pico-sdk/sdk/2.1.0/src/rp2_common/pico_float/float_aeabi_rp2040.S.obj
                0x100027f4                __wrap___aeabi_ui2f
                0x100027f4                uint2float
 *fill*         0x100027fe        0x2 
 .text.__wrap___aeabi_i2f
                0x10002800       0x44 CMakeFiles/project_phase2.dir/C_/Users/mtaha/.pico-sdk/sdk/2.1.0/src/rp2_common/pico_float/float_aeabi_rp2040.S.obj
                0x10002800                __wrap___aeabi_i2f
                0x10002800                int2float
 .text.__wrap___aeabi_f2d
                0x10002844       0x14 CMakeFiles/project_phase2.dir/C_/Users/mtaha/.pico-sdk/sdk/2.1.0/src/rp2_common/pico_float/float_aeabi_rp2040.S.obj
                0x10002844                __wrap___aeabi_f2d
 .text.__aeabi_float_init
                0x10002858       0x64 CMakeFiles/project_phase2.dir/C_/Users/mtaha/.pico-sdk/sdk/2.1.0/src/rp2_common/pico_float/float_init_rom_rp2040.c.obj
                0x10002858                __aeabi_float_init
 .text.float_table_shim_on_use_helper
                0x100028bc       0x2c CMakeFiles/project_phase2.dir/C_/Users/mtaha/.pico-sdk/sdk/2.1.0/src/rp2_common/pico_float/float_v1_rom_shim_rp2040.S.obj
                0x100028bc                float_table_shim_on_use_helper
 .text.float2double_shim
                0x100028e8       0x30 CMakeFiles/project_phase2.dir/C_/Users/mtaha/.pico-sdk/sdk/2.1.0/src/rp2_common/pico_float/float_v1_rom_shim_rp2040.S.obj
                0x100028e8                float2double_shim
 .text          0x10002918       0x10 CMakeFiles/project_phase2.dir/C_/Users/mtaha/.pico-sdk/sdk/2.1.0/src/rp2_common/pico_mem_ops/mem_ops_aeabi.S.obj
                0x10002918                __aeabi_mem_init
 .text.memset   0x10002928        0xc CMakeFiles/project_phase2.dir/C_/Users/mtaha/.pico-sdk/sdk/2.1.0/src/rp2_common/pico_mem_ops/mem_ops_aeabi.S.obj
                0x10002928                __wrap_memset
 .text.memcpy   0x10002934        0xc CMakeFiles/project_phase2.dir/C_/Users/mtaha/.pico-sdk/sdk/2.1.0/src/rp2_common/pico_mem_ops/mem_ops_aeabi.S.obj
                0x10002934                __wrap_memcpy
                0x10002934                __wrap___aeabi_memcpy
 .text._out_null
                0x10002940        0x4 CMakeFiles/project_phase2.dir/C_/Users/mtaha/.pico-sdk/sdk/2.1.0/src/rp2_common/pico_printf/printf.c.obj
 .text._out_rev
                0x10002944       0xac CMakeFiles/project_phase2.dir/C_/Users/mtaha/.pico-sdk/sdk/2.1.0/src/rp2_common/pico_printf/printf.c.obj
 .text._ntoa_format
                0x100029f0      0x250 CMakeFiles/project_phase2.dir/C_/Users/mtaha/.pico-sdk/sdk/2.1.0/src/rp2_common/pico_printf/printf.c.obj
 .text._out_char
                0x10002c40       0x10 CMakeFiles/project_phase2.dir/C_/Users/mtaha/.pico-sdk/sdk/2.1.0/src/rp2_common/pico_printf/printf.c.obj
 .text._out_fct
                0x10002c50       0x10 CMakeFiles/project_phase2.dir/C_/Users/mtaha/.pico-sdk/sdk/2.1.0/src/rp2_common/pico_printf/printf.c.obj
 .text._etoa    0x10002c60      0x464 CMakeFiles/project_phase2.dir/C_/Users/mtaha/.pico-sdk/sdk/2.1.0/src/rp2_common/pico_printf/printf.c.obj
 .text._ftoa    0x100030c4      0x3c0 CMakeFiles/project_phase2.dir/C_/Users/mtaha/.pico-sdk/sdk/2.1.0/src/rp2_common/pico_printf/printf.c.obj
 .text._vsnprintf
                0x10003484      0xbc8 CMakeFiles/project_phase2.dir/C_/Users/mtaha/.pico-sdk/sdk/2.1.0/src/rp2_common/pico_printf/printf.c.obj
 .text.vfctprintf
                0x1000404c       0x20 CMakeFiles/project_phase2.dir/C_/Users/mtaha/.pico-sdk/sdk/2.1.0/src/rp2_common/pico_printf/printf.c.obj
                0x1000404c                vfctprintf
 .text.weak_raw_vprintf
                0x1000406c       0x30 CMakeFiles/project_phase2.dir/C_/Users/mtaha/.pico-sdk/sdk/2.1.0/src/rp2_common/pico_printf/printf.c.obj
                0x1000406c                weak_raw_vprintf
 .text._exit    0x1000409c        0x4 CMakeFiles/project_phase2.dir/C_/Users/mtaha/.pico-sdk/sdk/2.1.0/src/rp2_common/pico_clib_interface/newlib_interface.c.obj
                0x1000409c                _exit
 .text.exit     0x100040a0        0x8 CMakeFiles/project_phase2.dir/C_/Users/mtaha/.pico-sdk/sdk/2.1.0/src/rp2_common/pico_clib_interface/newlib_interface.c.obj
                0x100040a0                exit
 .text.runtime_init
                0x100040a8       0x2c CMakeFiles/project_phase2.dir/C_/Users/mtaha/.pico-sdk/sdk/2.1.0/src/rp2_common/pico_clib_interface/newlib_interface.c.obj
                0x100040a8                runtime_init
 .text.stdio_out_chars_no_crlf
                0x100040d4       0x10 CMakeFiles/project_phase2.dir/C_/Users/mtaha/.pico-sdk/sdk/2.1.0/src/rp2_common/pico_stdio/stdio.c.obj
 .text.stdio_out_chars_crlf
                0x100040e4       0x94 CMakeFiles/project_phase2.dir/C_/Users/mtaha/.pico-sdk/sdk/2.1.0/src/rp2_common/pico_stdio/stdio.c.obj
 .text.stdio_buffered_printer
                0x10004178       0x64 CMakeFiles/project_phase2.dir/C_/Users/mtaha/.pico-sdk/sdk/2.1.0/src/rp2_common/pico_stdio/stdio.c.obj
 .text.stdio_put_string
                0x100041dc      0x100 CMakeFiles/project_phase2.dir/C_/Users/mtaha/.pico-sdk/sdk/2.1.0/src/rp2_common/pico_stdio/stdio.c.obj
                0x100041dc                stdio_put_string
 .text.stdio_set_driver_enabled
                0x100042dc       0x30 CMakeFiles/project_phase2.dir/C_/Users/mtaha/.pico-sdk/sdk/2.1.0/src/rp2_common/pico_stdio/stdio.c.obj
                0x100042dc                stdio_set_driver_enabled
 .text.stdio_init_all
                0x1000430c       0x10 CMakeFiles/project_phase2.dir/C_/Users/mtaha/.pico-sdk/sdk/2.1.0/src/rp2_common/pico_stdio/stdio.c.obj
                0x1000430c                stdio_init_all
 .text.__wrap_getchar
                0x1000431c       0x7c CMakeFiles/project_phase2.dir/C_/Users/mtaha/.pico-sdk/sdk/2.1.0/src/rp2_common/pico_stdio/stdio.c.obj
                0x1000431c                stdio_getchar
                0x1000431c                __wrap_getchar
 .text.__wrap_putchar
                0x10004398       0x98 CMakeFiles/project_phase2.dir/C_/Users/mtaha/.pico-sdk/sdk/2.1.0/src/rp2_common/pico_stdio/stdio.c.obj
                0x10004398                __wrap_putchar
                0x10004398                stdio_putchar
 .text.__wrap_puts
                0x10004430       0x3c CMakeFiles/project_phase2.dir/C_/Users/mtaha/.pico-sdk/sdk/2.1.0/src/rp2_common/pico_stdio/stdio.c.obj
                0x10004430                stdio_puts
                0x10004430                __wrap_puts
 .text.__wrap_vprintf
                0x1000446c       0xd4 CMakeFiles/project_phase2.dir/C_/Users/mtaha/.pico-sdk/sdk/2.1.0/src/rp2_common/pico_stdio/stdio.c.obj
                0x1000446c                stdio_vprintf
                0x1000446c                __wrap_vprintf
 .text.__wrap_printf
                0x10004540       0x18 CMakeFiles/project_phase2.dir/C_/Users/mtaha/.pico-sdk/sdk/2.1.0/src/rp2_common/pico_stdio/stdio.c.obj
                0x10004540                __wrap_printf
                0x10004540                stdio_printf
 .text.stdio_uart_out_chars
                0x10004558       0x4c CMakeFiles/project_phase2.dir/C_/Users/mtaha/.pico-sdk/sdk/2.1.0/src/rp2_common/pico_stdio_uart/stdio_uart.c.obj
 .text.stdio_uart_in_chars
                0x100045a4       0x90 CMakeFiles/project_phase2.dir/C_/Users/mtaha/.pico-sdk/sdk/2.1.0/src/rp2_common/pico_stdio_uart/stdio_uart.c.obj
                0x100045a4                stdio_uart_in_chars
 .text.on_uart_rx
                0x10004634       0x28 CMakeFiles/project_phase2.dir/C_/Users/mtaha/.pico-sdk/sdk/2.1.0/src/rp2_common/pico_stdio_uart/stdio_uart.c.obj
 .text.stdio_uart_out_flush
                0x1000465c       0x14 CMakeFiles/project_phase2.dir/C_/Users/mtaha/.pico-sdk/sdk/2.1.0/src/rp2_common/pico_stdio_uart/stdio_uart.c.obj
 .text.stdio_uart_set_chars_available_callback
                0x10004670       0x84 CMakeFiles/project_phase2.dir/C_/Users/mtaha/.pico-sdk/sdk/2.1.0/src/rp2_common/pico_stdio_uart/stdio_uart.c.obj
 .text.stdio_uart_init
                0x100046f4       0x50 CMakeFiles/project_phase2.dir/C_/Users/mtaha/.pico-sdk/sdk/2.1.0/src/rp2_common/pico_stdio_uart/stdio_uart.c.obj
                0x100046f4                stdio_uart_init
 .text.resetd_init
                0x10004744        0x4 CMakeFiles/project_phase2.dir/C_/Users/mtaha/.pico-sdk/sdk/2.1.0/src/rp2_common/pico_stdio_usb/reset_interface.c.obj
 .text.resetd_reset
                0x10004748        0xc CMakeFiles/project_phase2.dir/C_/Users/mtaha/.pico-sdk/sdk/2.1.0/src/rp2_common/pico_stdio_usb/reset_interface.c.obj
 .text.resetd_open
                0x10004754       0x28 CMakeFiles/project_phase2.dir/C_/Users/mtaha/.pico-sdk/sdk/2.1.0/src/rp2_common/pico_stdio_usb/reset_interface.c.obj
 .text.resetd_xfer_cb
                0x1000477c        0x4 CMakeFiles/project_phase2.dir/C_/Users/mtaha/.pico-sdk/sdk/2.1.0/src/rp2_common/pico_stdio_usb/reset_interface.c.obj
 .text.resetd_control_xfer_cb
                0x10004780       0x5c CMakeFiles/project_phase2.dir/C_/Users/mtaha/.pico-sdk/sdk/2.1.0/src/rp2_common/pico_stdio_usb/reset_interface.c.obj
 .text.tud_descriptor_bos_cb
                0x100047dc        0x8 CMakeFiles/project_phase2.dir/C_/Users/mtaha/.pico-sdk/sdk/2.1.0/src/rp2_common/pico_stdio_usb/reset_interface.c.obj
                0x100047dc                tud_descriptor_bos_cb
 .text.tud_vendor_control_xfer_cb
                0x100047e4       0x34 CMakeFiles/project_phase2.dir/C_/Users/mtaha/.pico-sdk/sdk/2.1.0/src/rp2_common/pico_stdio_usb/reset_interface.c.obj
                0x100047e4                tud_vendor_control_xfer_cb
 .text.usbd_app_driver_get_cb
                0x10004818        0xc CMakeFiles/project_phase2.dir/C_/Users/mtaha/.pico-sdk/sdk/2.1.0/src/rp2_common/pico_stdio_usb/reset_interface.c.obj
                0x10004818                usbd_app_driver_get_cb
 .text.tud_cdc_line_coding_cb
                0x10004824       0x2c CMakeFiles/project_phase2.dir/C_/Users/mtaha/.pico-sdk/sdk/2.1.0/src/rp2_common/pico_stdio_usb/reset_interface.c.obj
                0x10004824                tud_cdc_line_coding_cb
 .text.stdio_usb_set_chars_available_callback
                0x10004850       0x14 CMakeFiles/project_phase2.dir/C_/Users/mtaha/.pico-sdk/sdk/2.1.0/src/rp2_common/pico_stdio_usb/stdio_usb.c.obj
                0x10004850                stdio_usb_set_chars_available_callback
 .text.usb_irq  0x10004864       0x10 CMakeFiles/project_phase2.dir/C_/Users/mtaha/.pico-sdk/sdk/2.1.0/src/rp2_common/pico_stdio_usb/stdio_usb.c.obj
 .text.timer_task
                0x10004874       0x64 CMakeFiles/project_phase2.dir/C_/Users/mtaha/.pico-sdk/sdk/2.1.0/src/rp2_common/pico_stdio_usb/stdio_usb.c.obj
 .text.stdio_usb_in_chars
                0x100048d8       0x90 CMakeFiles/project_phase2.dir/C_/Users/mtaha/.pico-sdk/sdk/2.1.0/src/rp2_common/pico_stdio_usb/stdio_usb.c.obj
                0x100048d8                stdio_usb_in_chars
 .text.stdio_usb_out_flush
                0x10004968       0x50 CMakeFiles/project_phase2.dir/C_/Users/mtaha/.pico-sdk/sdk/2.1.0/src/rp2_common/pico_stdio_usb/stdio_usb.c.obj
 .text.stdio_usb_out_chars
                0x100049b8      0x104 CMakeFiles/project_phase2.dir/C_/Users/mtaha/.pico-sdk/sdk/2.1.0/src/rp2_common/pico_stdio_usb/stdio_usb.c.obj
 .text.low_priority_worker_irq
                0x10004abc       0xcc CMakeFiles/project_phase2.dir/C_/Users/mtaha/.pico-sdk/sdk/2.1.0/src/rp2_common/pico_stdio_usb/stdio_usb.c.obj
 .text.stdio_usb_init
                0x10004b88       0xe8 CMakeFiles/project_phase2.dir/C_/Users/mtaha/.pico-sdk/sdk/2.1.0/src/rp2_common/pico_stdio_usb/stdio_usb.c.obj
                0x10004b88                stdio_usb_init
 .text.tud_descriptor_device_cb
                0x10004c70        0x8 CMakeFiles/project_phase2.dir/C_/Users/mtaha/.pico-sdk/sdk/2.1.0/src/rp2_common/pico_stdio_usb/stdio_usb_descriptors.c.obj
                0x10004c70                tud_descriptor_device_cb
 .text.tud_descriptor_configuration_cb
                0x10004c78        0x8 CMakeFiles/project_phase2.dir/C_/Users/mtaha/.pico-sdk/sdk/2.1.0/src/rp2_common/pico_stdio_usb/stdio_usb_descriptors.c.obj
                0x10004c78                tud_descriptor_configuration_cb
 .text.tud_descriptor_string_cb
                0x10004c80       0x78 CMakeFiles/project_phase2.dir/C_/Users/mtaha/.pico-sdk/sdk/2.1.0/src/rp2_common/pico_stdio_usb/stdio_usb_descriptors.c.obj
                0x10004c80                tud_descriptor_string_cb
 .text.startup._retrieve_unique_id_on_boot
                0x10004cf8       0x10 CMakeFiles/project_phase2.dir/C_/Users/mtaha/.pico-sdk/sdk/2.1.0/src/rp2_common/pico_unique_id/unique_id.c.obj
 .text.pico_get_unique_board_id_string
                0x10004d08      0x1a8 CMakeFiles/project_phase2.dir/C_/Users/mtaha/.pico-sdk/sdk/2.1.0/src/rp2_common/pico_unique_id/unique_id.c.obj
                0x10004d08                pico_get_unique_board_id_string
 .text.flash_get_unique_id
                0x10004eb0       0x3c CMakeFiles/project_phase2.dir/C_/Users/mtaha/.pico-sdk/sdk/2.1.0/src/rp2_common/hardware_flash/flash.c.obj
                0x10004eb0                flash_get_unique_id
 .text.dcd_init
                0x10004eec       0x8c CMakeFiles/project_phase2.dir/C_/Users/mtaha/.pico-sdk/sdk/2.1.0/lib/tinyusb/src/portable/raspberrypi/rp2040/dcd_rp2040.c.obj
                0x10004eec                dcd_init
 .text.dcd_int_enable
                0x10004f78        0xc CMakeFiles/project_phase2.dir/C_/Users/mtaha/.pico-sdk/sdk/2.1.0/lib/tinyusb/src/portable/raspberrypi/rp2040/dcd_rp2040.c.obj
                0x10004f78                dcd_int_enable
 .text.dcd_set_address
                0x10004f84       0x14 CMakeFiles/project_phase2.dir/C_/Users/mtaha/.pico-sdk/sdk/2.1.0/lib/tinyusb/src/portable/raspberrypi/rp2040/dcd_rp2040.c.obj
                0x10004f84                dcd_set_address
 .text.dcd_sof_enable
                0x10004f98       0x1c CMakeFiles/project_phase2.dir/C_/Users/mtaha/.pico-sdk/sdk/2.1.0/lib/tinyusb/src/portable/raspberrypi/rp2040/dcd_rp2040.c.obj
                0x10004f98                dcd_sof_enable
 .text.dcd_edpt0_status_complete
                0x10004fb4       0x1c CMakeFiles/project_phase2.dir/C_/Users/mtaha/.pico-sdk/sdk/2.1.0/lib/tinyusb/src/portable/raspberrypi/rp2040/dcd_rp2040.c.obj
                0x10004fb4                dcd_edpt0_status_complete
 .text.dcd_edpt_open
                0x10004fd0      0x108 CMakeFiles/project_phase2.dir/C_/Users/mtaha/.pico-sdk/sdk/2.1.0/lib/tinyusb/src/portable/raspberrypi/rp2040/dcd_rp2040.c.obj
                0x10004fd0                dcd_edpt_open
 .text.dcd_edpt_close_all
                0x100050d8        0x8 CMakeFiles/project_phase2.dir/C_/Users/mtaha/.pico-sdk/sdk/2.1.0/lib/tinyusb/src/portable/raspberrypi/rp2040/dcd_rp2040.c.obj
                0x100050d8                dcd_edpt_close_all
 .text.dcd_edpt_xfer
                0x100050e0       0x24 CMakeFiles/project_phase2.dir/C_/Users/mtaha/.pico-sdk/sdk/2.1.0/lib/tinyusb/src/portable/raspberrypi/rp2040/dcd_rp2040.c.obj
                0x100050e0                dcd_edpt_xfer
 .text.dcd_edpt_stall
                0x10005104       0x34 CMakeFiles/project_phase2.dir/C_/Users/mtaha/.pico-sdk/sdk/2.1.0/lib/tinyusb/src/portable/raspberrypi/rp2040/dcd_rp2040.c.obj
                0x10005104                dcd_edpt_stall
 .text.dcd_edpt_clear_stall
                0x10005138       0x30 CMakeFiles/project_phase2.dir/C_/Users/mtaha/.pico-sdk/sdk/2.1.0/lib/tinyusb/src/portable/raspberrypi/rp2040/dcd_rp2040.c.obj
                0x10005138                dcd_edpt_clear_stall
 .text.rp2040_usb_init
                0x10005168       0x40 CMakeFiles/project_phase2.dir/C_/Users/mtaha/.pico-sdk/sdk/2.1.0/lib/tinyusb/src/portable/raspberrypi/rp2040/rp2040_usb.c.obj
                0x10005168                rp2040_usb_init
 .text.hw_endpoint_xfer_start
                0x100051a8       0x40 CMakeFiles/project_phase2.dir/C_/Users/mtaha/.pico-sdk/sdk/2.1.0/lib/tinyusb/src/portable/raspberrypi/rp2040/rp2040_usb.c.obj
                0x100051a8                hw_endpoint_xfer_start
 .text.tud_event_hook_cb
                0x100051e8        0x4 CMakeFiles/project_phase2.dir/C_/Users/mtaha/.pico-sdk/sdk/2.1.0/lib/tinyusb/src/device/usbd.c.obj
                0x100051e8                tud_event_hook_cb
 .text.tud_sof_cb
                0x100051ec        0x4 CMakeFiles/project_phase2.dir/C_/Users/mtaha/.pico-sdk/sdk/2.1.0/lib/tinyusb/src/device/usbd.c.obj
                0x100051ec                tud_sof_cb
 .text.tud_descriptor_device_qualifier_cb
                0x100051f0        0x4 CMakeFiles/project_phase2.dir/C_/Users/mtaha/.pico-sdk/sdk/2.1.0/lib/tinyusb/src/device/usbd.c.obj
                0x100051f0                tud_descriptor_device_qualifier_cb
 .text.tud_descriptor_other_speed_configuration_cb
                0x100051f4        0x4 CMakeFiles/project_phase2.dir/C_/Users/mtaha/.pico-sdk/sdk/2.1.0/lib/tinyusb/src/device/usbd.c.obj
                0x100051f4                tud_descriptor_other_speed_configuration_cb
 .text.tud_mount_cb
                0x100051f8        0x4 CMakeFiles/project_phase2.dir/C_/Users/mtaha/.pico-sdk/sdk/2.1.0/lib/tinyusb/src/device/usbd.c.obj
                0x100051f8                tud_mount_cb
 .text.tud_umount_cb
                0x100051fc        0x4 CMakeFiles/project_phase2.dir/C_/Users/mtaha/.pico-sdk/sdk/2.1.0/lib/tinyusb/src/device/usbd.c.obj
                0x100051fc                tud_umount_cb
 .text.tud_suspend_cb
                0x10005200        0x4 CMakeFiles/project_phase2.dir/C_/Users/mtaha/.pico-sdk/sdk/2.1.0/lib/tinyusb/src/device/usbd.c.obj
                0x10005200                tud_suspend_cb
 .text.tud_resume_cb
                0x10005204        0x4 CMakeFiles/project_phase2.dir/C_/Users/mtaha/.pico-sdk/sdk/2.1.0/lib/tinyusb/src/device/usbd.c.obj
                0x10005204                tud_resume_cb
 .text.tud_mounted
                0x10005208       0x10 CMakeFiles/project_phase2.dir/C_/Users/mtaha/.pico-sdk/sdk/2.1.0/lib/tinyusb/src/device/usbd.c.obj
                0x10005208                tud_mounted
 .text.tud_suspended
                0x10005218       0x10 CMakeFiles/project_phase2.dir/C_/Users/mtaha/.pico-sdk/sdk/2.1.0/lib/tinyusb/src/device/usbd.c.obj
                0x10005218                tud_suspended
 .text.tud_init
                0x10005228       0xe4 CMakeFiles/project_phase2.dir/C_/Users/mtaha/.pico-sdk/sdk/2.1.0/lib/tinyusb/src/device/usbd.c.obj
                0x10005228                tud_init
 .text.tud_task_ext
                0x1000530c      0x800 CMakeFiles/project_phase2.dir/C_/Users/mtaha/.pico-sdk/sdk/2.1.0/lib/tinyusb/src/device/usbd.c.obj
                0x1000530c                tud_task_ext
 .text.usbd_open_edpt_pair
                0x10005b0c       0x9c CMakeFiles/project_phase2.dir/C_/Users/mtaha/.pico-sdk/sdk/2.1.0/lib/tinyusb/src/device/usbd.c.obj
                0x10005b0c                usbd_open_edpt_pair
 .text.usbd_edpt_open
                0x10005ba8       0x34 CMakeFiles/project_phase2.dir/C_/Users/mtaha/.pico-sdk/sdk/2.1.0/lib/tinyusb/src/device/usbd.c.obj
                0x10005ba8                usbd_edpt_open
 .text.usbd_edpt_claim
                0x10005bdc       0x28 CMakeFiles/project_phase2.dir/C_/Users/mtaha/.pico-sdk/sdk/2.1.0/lib/tinyusb/src/device/usbd.c.obj
                0x10005bdc                usbd_edpt_claim
 .text.usbd_edpt_release
                0x10005c04       0x28 CMakeFiles/project_phase2.dir/C_/Users/mtaha/.pico-sdk/sdk/2.1.0/lib/tinyusb/src/device/usbd.c.obj
                0x10005c04                usbd_edpt_release
 .text.usbd_edpt_xfer
                0x10005c2c       0x4c CMakeFiles/project_phase2.dir/C_/Users/mtaha/.pico-sdk/sdk/2.1.0/lib/tinyusb/src/device/usbd.c.obj
                0x10005c2c                usbd_edpt_xfer
 .text.tud_control_status
                0x10005c78       0x2c CMakeFiles/project_phase2.dir/C_/Users/mtaha/.pico-sdk/sdk/2.1.0/lib/tinyusb/src/device/usbd_control.c.obj
                0x10005c78                tud_control_status
 .text.tud_control_xfer
                0x10005ca4       0xac CMakeFiles/project_phase2.dir/C_/Users/mtaha/.pico-sdk/sdk/2.1.0/lib/tinyusb/src/device/usbd_control.c.obj
                0x10005ca4                tud_control_xfer
 .text.usbd_control_reset
                0x10005d50       0x14 CMakeFiles/project_phase2.dir/C_/Users/mtaha/.pico-sdk/sdk/2.1.0/lib/tinyusb/src/device/usbd_control.c.obj
                0x10005d50                usbd_control_reset
 .text.usbd_control_set_complete_callback
                0x10005d64        0xc CMakeFiles/project_phase2.dir/C_/Users/mtaha/.pico-sdk/sdk/2.1.0/lib/tinyusb/src/device/usbd_control.c.obj
                0x10005d64                usbd_control_set_complete_callback
 .text.usbd_control_set_request
                0x10005d70       0x1c CMakeFiles/project_phase2.dir/C_/Users/mtaha/.pico-sdk/sdk/2.1.0/lib/tinyusb/src/device/usbd_control.c.obj
                0x10005d70                usbd_control_set_request
 .text.usbd_control_xfer_cb
                0x10005d8c       0xec CMakeFiles/project_phase2.dir/C_/Users/mtaha/.pico-sdk/sdk/2.1.0/lib/tinyusb/src/device/usbd_control.c.obj
                0x10005d8c                usbd_control_xfer_cb
 .text._prep_out_transaction.isra.0
                0x10005e78       0x5c CMakeFiles/project_phase2.dir/C_/Users/mtaha/.pico-sdk/sdk/2.1.0/lib/tinyusb/src/class/cdc/cdc_device.c.obj
 .text.tud_cdc_n_connected
                0x10005ed4       0x30 CMakeFiles/project_phase2.dir/C_/Users/mtaha/.pico-sdk/sdk/2.1.0/lib/tinyusb/src/class/cdc/cdc_device.c.obj
                0x10005ed4                tud_cdc_n_connected
 .text.tud_cdc_n_available
                0x10005f04       0x18 CMakeFiles/project_phase2.dir/C_/Users/mtaha/.pico-sdk/sdk/2.1.0/lib/tinyusb/src/class/cdc/cdc_device.c.obj
                0x10005f04                tud_cdc_n_available
 .text.tud_cdc_n_read
                0x10005f1c       0x98 CMakeFiles/project_phase2.dir/C_/Users/mtaha/.pico-sdk/sdk/2.1.0/lib/tinyusb/src/class/cdc/cdc_device.c.obj
                0x10005f1c                tud_cdc_n_read
 .text.tud_cdc_n_write_flush
                0x10005fb4       0x78 CMakeFiles/project_phase2.dir/C_/Users/mtaha/.pico-sdk/sdk/2.1.0/lib/tinyusb/src/class/cdc/cdc_device.c.obj
                0x10005fb4                tud_cdc_n_write_flush
 .text.tud_cdc_n_write
                0x1000602c       0x40 CMakeFiles/project_phase2.dir/C_/Users/mtaha/.pico-sdk/sdk/2.1.0/lib/tinyusb/src/class/cdc/cdc_device.c.obj
                0x1000602c                tud_cdc_n_write
 .text.tud_cdc_n_write_available
                0x1000606c       0x18 CMakeFiles/project_phase2.dir/C_/Users/mtaha/.pico-sdk/sdk/2.1.0/lib/tinyusb/src/class/cdc/cdc_device.c.obj
                0x1000606c                tud_cdc_n_write_available
 .text.cdcd_init
                0x10006084       0x7c CMakeFiles/project_phase2.dir/C_/Users/mtaha/.pico-sdk/sdk/2.1.0/lib/tinyusb/src/class/cdc/cdc_device.c.obj
                0x10006084                cdcd_init
 .text.cdcd_deinit
                0x10006100       0x34 CMakeFiles/project_phase2.dir/C_/Users/mtaha/.pico-sdk/sdk/2.1.0/lib/tinyusb/src/class/cdc/cdc_device.c.obj
                0x10006100                cdcd_deinit
 .text.cdcd_reset
                0x10006134       0x4c CMakeFiles/project_phase2.dir/C_/Users/mtaha/.pico-sdk/sdk/2.1.0/lib/tinyusb/src/class/cdc/cdc_device.c.obj
                0x10006134                cdcd_reset
 .text.cdcd_open
                0x10006180       0xb0 CMakeFiles/project_phase2.dir/C_/Users/mtaha/.pico-sdk/sdk/2.1.0/lib/tinyusb/src/class/cdc/cdc_device.c.obj
                0x10006180                cdcd_open
 .text.cdcd_control_xfer_cb
                0x10006230       0xe4 CMakeFiles/project_phase2.dir/C_/Users/mtaha/.pico-sdk/sdk/2.1.0/lib/tinyusb/src/class/cdc/cdc_device.c.obj
                0x10006230                cdcd_control_xfer_cb
 .text.cdcd_xfer_cb
                0x10006314      0x100 CMakeFiles/project_phase2.dir/C_/Users/mtaha/.pico-sdk/sdk/2.1.0/lib/tinyusb/src/class/cdc/cdc_device.c.obj
                0x10006314                cdcd_xfer_cb
 .text.vendord_init
                0x10006414       0x5c CMakeFiles/project_phase2.dir/C_/Users/mtaha/.pico-sdk/sdk/2.1.0/lib/tinyusb/src/class/vendor/vendor_device.c.obj
                0x10006414                vendord_init
 .text.vendord_deinit
                0x10006470       0x1c CMakeFiles/project_phase2.dir/C_/Users/mtaha/.pico-sdk/sdk/2.1.0/lib/tinyusb/src/class/vendor/vendor_device.c.obj
                0x10006470                vendord_deinit
 .text.vendord_reset
                0x1000648c       0x20 CMakeFiles/project_phase2.dir/C_/Users/mtaha/.pico-sdk/sdk/2.1.0/lib/tinyusb/src/class/vendor/vendor_device.c.obj
                0x1000648c                vendord_reset
 .text.vendord_open
                0x100064ac      0x138 CMakeFiles/project_phase2.dir/C_/Users/mtaha/.pico-sdk/sdk/2.1.0/lib/tinyusb/src/class/vendor/vendor_device.c.obj
                0x100064ac                vendord_open
 .text.vendord_xfer_cb
                0x100065e4       0x9c CMakeFiles/project_phase2.dir/C_/Users/mtaha/.pico-sdk/sdk/2.1.0/lib/tinyusb/src/class/vendor/vendor_device.c.obj
                0x100065e4                vendord_xfer_cb
 .text.tusb_init
                0x10006680        0xc CMakeFiles/project_phase2.dir/C_/Users/mtaha/.pico-sdk/sdk/2.1.0/lib/tinyusb/src/tusb.c.obj
                0x10006680                tusb_init
 .text.tu_edpt_claim
                0x1000668c       0x50 CMakeFiles/project_phase2.dir/C_/Users/mtaha/.pico-sdk/sdk/2.1.0/lib/tinyusb/src/tusb.c.obj
                0x1000668c                tu_edpt_claim
 .text.tu_edpt_release
                0x100066dc       0x38 CMakeFiles/project_phase2.dir/C_/Users/mtaha/.pico-sdk/sdk/2.1.0/lib/tinyusb/src/tusb.c.obj
                0x100066dc                tu_edpt_release
 .text.tu_edpt_validate
                0x10006714       0x7c CMakeFiles/project_phase2.dir/C_/Users/mtaha/.pico-sdk/sdk/2.1.0/lib/tinyusb/src/tusb.c.obj
                0x10006714                tu_edpt_validate
 .text.tu_edpt_bind_driver
                0x10006790       0x34 CMakeFiles/project_phase2.dir/C_/Users/mtaha/.pico-sdk/sdk/2.1.0/lib/tinyusb/src/tusb.c.obj
                0x10006790                tu_edpt_bind_driver
 .text.tu_edpt_stream_init
                0x100067c4       0x6c CMakeFiles/project_phase2.dir/C_/Users/mtaha/.pico-sdk/sdk/2.1.0/lib/tinyusb/src/tusb.c.obj
                0x100067c4                tu_edpt_stream_init
 .text.tu_edpt_stream_deinit
                0x10006830        0x4 CMakeFiles/project_phase2.dir/C_/Users/mtaha/.pico-sdk/sdk/2.1.0/lib/tinyusb/src/tusb.c.obj
                0x10006830                tu_edpt_stream_deinit
 .text.tu_edpt_stream_write_zlp_if_needed
                0x10006834       0x68 CMakeFiles/project_phase2.dir/C_/Users/mtaha/.pico-sdk/sdk/2.1.0/lib/tinyusb/src/tusb.c.obj
                0x10006834                tu_edpt_stream_write_zlp_if_needed
 .text.tu_edpt_stream_write_xfer
                0x1000689c       0x64 CMakeFiles/project_phase2.dir/C_/Users/mtaha/.pico-sdk/sdk/2.1.0/lib/tinyusb/src/tusb.c.obj
                0x1000689c                tu_edpt_stream_write_xfer
 .text.tu_edpt_stream_read_xfer
                0x10006900       0xdc CMakeFiles/project_phase2.dir/C_/Users/mtaha/.pico-sdk/sdk/2.1.0/lib/tinyusb/src/tusb.c.obj
                0x10006900                tu_edpt_stream_read_xfer
 .text.tu_fifo_config
                0x100069dc       0x6c CMakeFiles/project_phase2.dir/C_/Users/mtaha/.pico-sdk/sdk/2.1.0/lib/tinyusb/src/common/tusb_fifo.c.obj
                0x100069dc                tu_fifo_config
 .text.tu_fifo_count
                0x10006a48       0x2c CMakeFiles/project_phase2.dir/C_/Users/mtaha/.pico-sdk/sdk/2.1.0/lib/tinyusb/src/common/tusb_fifo.c.obj
                0x10006a48                tu_fifo_count
 .text.tu_fifo_empty
                0x10006a74       0x10 CMakeFiles/project_phase2.dir/C_/Users/mtaha/.pico-sdk/sdk/2.1.0/lib/tinyusb/src/common/tusb_fifo.c.obj
                0x10006a74                tu_fifo_empty
 .text.tu_fifo_remaining
                0x10006a84       0x2c CMakeFiles/project_phase2.dir/C_/Users/mtaha/.pico-sdk/sdk/2.1.0/lib/tinyusb/src/common/tusb_fifo.c.obj
                0x10006a84                tu_fifo_remaining
 .text.tu_fifo_read
                0x10006ab0       0x9c CMakeFiles/project_phase2.dir/C_/Users/mtaha/.pico-sdk/sdk/2.1.0/lib/tinyusb/src/common/tusb_fifo.c.obj
                0x10006ab0                tu_fifo_read
 .text.tu_fifo_read_n
                0x10006b4c       0xe8 CMakeFiles/project_phase2.dir/C_/Users/mtaha/.pico-sdk/sdk/2.1.0/lib/tinyusb/src/common/tusb_fifo.c.obj
                0x10006b4c                tu_fifo_read_n
 .text.tu_fifo_write
                0x10006c34       0xa8 CMakeFiles/project_phase2.dir/C_/Users/mtaha/.pico-sdk/sdk/2.1.0/lib/tinyusb/src/common/tusb_fifo.c.obj
                0x10006c34                tu_fifo_write
 .text.tu_fifo_write_n
                0x10006cdc      0x178 CMakeFiles/project_phase2.dir/C_/Users/mtaha/.pico-sdk/sdk/2.1.0/lib/tinyusb/src/common/tusb_fifo.c.obj
                0x10006cdc                tu_fifo_write_n
 .text.tu_fifo_clear
                0x10006e54       0x40 CMakeFiles/project_phase2.dir/C_/Users/mtaha/.pico-sdk/sdk/2.1.0/lib/tinyusb/src/common/tusb_fifo.c.obj
                0x10006e54                tu_fifo_clear
 .text.tu_fifo_set_overwritable
                0x10006e94       0x48 CMakeFiles/project_phase2.dir/C_/Users/mtaha/.pico-sdk/sdk/2.1.0/lib/tinyusb/src/common/tusb_fifo.c.obj
                0x10006e94                tu_fifo_set_overwritable
 .text.adc_init
                0x10006edc       0x38 CMakeFiles/project_phase2.dir/C_/Users/mtaha/.pico-sdk/sdk/2.1.0/src/rp2_common/hardware_adc/adc.c.obj
                0x10006edc                adc_init
 .text.strlen   0x10006f14       0x5c C:/Users/mtaha/.pico-sdk/toolchain/13_3_Rel1/bin/../lib/gcc/arm-none-eabi/13.3.1/thumb/v6-m/nofp\libg.a(libc_a-strlen-stub.o)
                0x10006f14                strlen
 *(.fini)
 .fini          0x10006f70        0x4 C:/Users/mtaha/.pico-sdk/toolchain/13_3_Rel1/bin/../lib/gcc/arm-none-eabi/13.3.1/thumb/v6-m/nofp/crti.o
                0x10006f70                _fini
 *fill*         0x10006f74        0x4 
 .fini.__stub   0x10006f78       0xc0 linker stubs
 *crtbegin.o(.ctors)
 *crtbegin?.o(.ctors)
 *(EXCLUDE_FILE(*crtend.o *crtend?.o) .ctors)
 *(SORT_BY_NAME(.ctors.*))
 *(.ctors)
 *crtbegin.o(.dtors)
 *crtbegin?.o(.dtors)
 *(EXCLUDE_FILE(*crtend.o *crtend?.o) .dtors)
 *(SORT_BY_NAME(.dtors.*))
 *(.dtors)
                0x10007038                        . = ALIGN (0x4)
                0x10007038                        PROVIDE (__preinit_array_start = .)
 *(SORT_BY_NAME(.preinit_array.*))
 .preinit_array.00100
                0x10007038        0x4 CMakeFiles/project_phase2.dir/C_/Users/mtaha/.pico-sdk/sdk/2.1.0/src/rp2_common/pico_runtime_init/runtime_init.c.obj
                0x10007038                __pre_init_runtime_init_early_resets
 .preinit_array.00101
                0x1000703c        0x4 CMakeFiles/project_phase2.dir/C_/Users/mtaha/.pico-sdk/sdk/2.1.0/src/rp2_common/pico_runtime_init/runtime_init.c.obj
                0x1000703c                __pre_init_runtime_init_usb_power_down
 .preinit_array.00275
                0x10007040        0x4 CMakeFiles/project_phase2.dir/C_/Users/mtaha/.pico-sdk/sdk/2.1.0/src/rp2_common/pico_bit_ops/bit_ops_aeabi.S.obj
 .preinit_array.00300
                0x10007044        0x4 CMakeFiles/project_phase2.dir/C_/Users/mtaha/.pico-sdk/sdk/2.1.0/src/rp2_common/pico_mem_ops/mem_ops_aeabi.S.obj
 .preinit_array.00350
                0x10007048        0x4 CMakeFiles/project_phase2.dir/C_/Users/mtaha/.pico-sdk/sdk/2.1.0/src/rp2_common/pico_double/double_aeabi_rp2040.S.obj
 .preinit_array.00350
                0x1000704c        0x4 CMakeFiles/project_phase2.dir/C_/Users/mtaha/.pico-sdk/sdk/2.1.0/src/rp2_common/pico_float/float_aeabi_rp2040.S.obj
 .preinit_array.00500
                0x10007050        0x4 CMakeFiles/project_phase2.dir/C_/Users/mtaha/.pico-sdk/sdk/2.1.0/src/rp2_common/pico_runtime_init/runtime_init.c.obj
                0x10007050                __pre_init_runtime_init_clocks
 .preinit_array.00600
                0x10007054        0x4 CMakeFiles/project_phase2.dir/C_/Users/mtaha/.pico-sdk/sdk/2.1.0/src/rp2_common/pico_runtime_init/runtime_init.c.obj
                0x10007054                __pre_init_runtime_init_post_clock_resets
 .preinit_array.00700
                0x10007058        0x4 CMakeFiles/project_phase2.dir/C_/Users/mtaha/.pico-sdk/sdk/2.1.0/src/rp2_common/pico_runtime_init/runtime_init.c.obj
                0x10007058                __pre_init_runtime_init_rp2040_gpio_ie_disable
 .preinit_array.01000
                0x1000705c        0x4 CMakeFiles/project_phase2.dir/C_/Users/mtaha/.pico-sdk/sdk/2.1.0/src/rp2_common/pico_runtime_init/runtime_init.c.obj
                0x1000705c                __pre_init_runtime_init_spin_locks_reset
 .preinit_array.01100
                0x10007060        0x4 CMakeFiles/project_phase2.dir/C_/Users/mtaha/.pico-sdk/sdk/2.1.0/src/common/pico_sync/mutex.c.obj
                0x10007060                __pre_init_runtime_init_mutex
 .preinit_array.10080
                0x10007064        0x4 CMakeFiles/project_phase2.dir/C_/Users/mtaha/.pico-sdk/sdk/2.1.0/src/rp2_common/pico_runtime_init/runtime_init.c.obj
                0x10007064                __pre_init_runtime_init_install_ram_vector_table
 .preinit_array.11000
                0x10007068        0x4 CMakeFiles/project_phase2.dir/C_/Users/mtaha/.pico-sdk/sdk/2.1.0/src/common/pico_time/time.c.obj
                0x10007068                __pre_init_runtime_init_default_alarm_pool
 .preinit_array.YYYYY
                0x1000706c        0x4 CMakeFiles/project_phase2.dir/C_/Users/mtaha/.pico-sdk/sdk/2.1.0/src/rp2_common/pico_runtime/runtime.c.obj
                0x1000706c                __pre_init_first_per_core_initializer
 .preinit_array.ZZZZZ.01200
                0x10007070        0x4 CMakeFiles/project_phase2.dir/C_/Users/mtaha/.pico-sdk/sdk/2.1.0/src/rp2_common/hardware_irq/irq.c.obj
                0x10007070                __pre_init_runtime_init_per_core_irq_priorities
 *(.preinit_array)
                0x10007074                        PROVIDE (__preinit_array_end = .)
                0x10007074                        . = ALIGN (0x4)
                0x10007074                        PROVIDE (__init_array_start = .)
 *(SORT_BY_NAME(.init_array.*))
 *(.init_array)
 .init_array    0x10007074        0x4 C:/Users/mtaha/.pico-sdk/toolchain/13_3_Rel1/bin/../lib/gcc/arm-none-eabi/13.3.1/thumb/v6-m/nofp/crtbegin.o
 .init_array    0x10007078        0x4 CMakeFiles/project_phase2.dir/C_/Users/mtaha/.pico-sdk/sdk/2.1.0/src/rp2_common/pico_unique_id/unique_id.c.obj
                0x1000707c                        PROVIDE (__init_array_end = .)
                0x1000707c                        . = ALIGN (0x4)
                [!provide]                        PROVIDE (__fini_array_start = .)
 *(SORT_BY_NAME(.fini_array.*))
 *(.fini_array)
                [!provide]                        PROVIDE (__fini_array_end = .)
 *(.eh_frame*)
 .eh_frame      0x1000707c        0x0 C:/Users/mtaha/.pico-sdk/toolchain/13_3_Rel1/bin/../lib/gcc/arm-none-eabi/13.3.1/thumb/v6-m/nofp/crtbegin.o
                0x1000707c                        . = ALIGN (0x4)

.glue_7         0x1000707c        0x0
 .glue_7        0x1000707c        0x0 linker stubs

.glue_7t        0x1000707c        0x0
 .glue_7t       0x1000707c        0x0 linker stubs

.vfp11_veneer   0x1000707c        0x0
 .vfp11_veneer  0x1000707c        0x0 linker stubs

.v4_bx          0x1000707c        0x0
 .v4_bx         0x1000707c        0x0 linker stubs

.iplt           0x1000707c        0x0
 .iplt          0x1000707c        0x0 C:/Users/mtaha/.pico-sdk/toolchain/13_3_Rel1/bin/../lib/gcc/arm-none-eabi/13.3.1/thumb/v6-m/nofp/crtbegin.o

.rodata         0x10007080      0x6a0
 *(EXCLUDE_FILE(*libm.a: *libc.a:*lib_a-mem*.o *libgcc.a:) .rodata*)
 .rodata.main.str1.4
                0x10007080      0x1c4 CMakeFiles/project_phase2.dir/main.c.obj
                                 0x1e (size before relaxing)
 .rodata.panic.str1.4
                0x10007244       0x12 CMakeFiles/project_phase2.dir/C_/Users/mtaha/.pico-sdk/sdk/2.1.0/src/rp2_common/pico_platform_panic/panic.c.obj
 .rodata.spin_lock_claim_unused.str1.4
                0x10007244       0x1b CMakeFiles/project_phase2.dir/C_/Users/mtaha/.pico-sdk/sdk/2.1.0/src/rp2_common/hardware_sync/sync.c.obj
 .rodata.user_irq_claim_unused.str1.4
                0x10007244       0x1b CMakeFiles/project_phase2.dir/C_/Users/mtaha/.pico-sdk/sdk/2.1.0/src/rp2_common/hardware_irq/irq.c.obj
 *fill*         0x10007244        0x4 
 .rodata.at_the_end_of_time
                0x10007248        0x8 CMakeFiles/project_phase2.dir/C_/Users/mtaha/.pico-sdk/sdk/2.1.0/src/common/pico_time/time.c.obj
                0x10007248                at_the_end_of_time
 .rodata.timer_hardware_alarm_claim.str1.4
                0x10007250       0x22 CMakeFiles/project_phase2.dir/C_/Users/mtaha/.pico-sdk/sdk/2.1.0/src/rp2_common/hardware_timer/timer.c.obj
 .rodata.hard_assertion_failure.str1.4
                0x10007250        0xc CMakeFiles/project_phase2.dir/C_/Users/mtaha/.pico-sdk/sdk/2.1.0/src/rp2_common/pico_runtime/runtime.c.obj
 .rodata.str1.4
                0x10007250       0x48 CMakeFiles/project_phase2.dir/C_/Users/mtaha/.pico-sdk/sdk/2.1.0/src/rp2_common/pico_standard_binary_info/standard_binary_info.c.obj
 .rodata.__bi_84
                0x10007250        0xc CMakeFiles/project_phase2.dir/C_/Users/mtaha/.pico-sdk/sdk/2.1.0/src/rp2_common/pico_standard_binary_info/standard_binary_info.c.obj
 .rodata.__bi_78
                0x1000725c        0xc CMakeFiles/project_phase2.dir/C_/Users/mtaha/.pico-sdk/sdk/2.1.0/src/rp2_common/pico_standard_binary_info/standard_binary_info.c.obj
 .rodata.__bi_60
                0x10007268        0xc CMakeFiles/project_phase2.dir/C_/Users/mtaha/.pico-sdk/sdk/2.1.0/src/rp2_common/pico_standard_binary_info/standard_binary_info.c.obj
 .rodata.__bi_54
                0x10007274        0xc CMakeFiles/project_phase2.dir/C_/Users/mtaha/.pico-sdk/sdk/2.1.0/src/rp2_common/pico_standard_binary_info/standard_binary_info.c.obj
 .rodata.__bi_48
                0x10007280        0xc CMakeFiles/project_phase2.dir/C_/Users/mtaha/.pico-sdk/sdk/2.1.0/src/rp2_common/pico_standard_binary_info/standard_binary_info.c.obj
 .rodata.__bi_42
                0x1000728c        0xc CMakeFiles/project_phase2.dir/C_/Users/mtaha/.pico-sdk/sdk/2.1.0/src/rp2_common/pico_standard_binary_info/standard_binary_info.c.obj
 .rodata.__bi_34
                0x10007298        0xc CMakeFiles/project_phase2.dir/C_/Users/mtaha/.pico-sdk/sdk/2.1.0/src/rp2_common/pico_standard_binary_info/standard_binary_info.c.obj
 .rodata.__bi_26
                0x100072a4        0xc CMakeFiles/project_phase2.dir/C_/Users/mtaha/.pico-sdk/sdk/2.1.0/src/rp2_common/pico_standard_binary_info/standard_binary_info.c.obj
 .rodata._ftoa.str1.4
                0x100072b0       0x15 CMakeFiles/project_phase2.dir/C_/Users/mtaha/.pico-sdk/sdk/2.1.0/src/rp2_common/pico_printf/printf.c.obj
 .rodata._vsnprintf
                0x100072b0      0x19c CMakeFiles/project_phase2.dir/C_/Users/mtaha/.pico-sdk/sdk/2.1.0/src/rp2_common/pico_printf/printf.c.obj
 *fill*         0x1000744c        0x4 
 .rodata.pow10.0
                0x10007450       0x50 CMakeFiles/project_phase2.dir/C_/Users/mtaha/.pico-sdk/sdk/2.1.0/src/rp2_common/pico_printf/printf.c.obj
 .rodata.crlf_str.0
                0x100074a0        0x2 CMakeFiles/project_phase2.dir/C_/Users/mtaha/.pico-sdk/sdk/2.1.0/src/rp2_common/pico_stdio/stdio.c.obj
 .rodata.str1.4
                0x100074a2       0x2c CMakeFiles/project_phase2.dir/C_/Users/mtaha/.pico-sdk/sdk/2.1.0/src/rp2_common/pico_stdio_uart/stdio_uart.c.obj
 *fill*         0x100074a2        0x2 
 .rodata.__bi_45.4
                0x100074a4        0xc CMakeFiles/project_phase2.dir/C_/Users/mtaha/.pico-sdk/sdk/2.1.0/src/rp2_common/pico_stdio_uart/stdio_uart.c.obj
 .rodata.__bi_49.5
                0x100074b0        0x8 CMakeFiles/project_phase2.dir/C_/Users/mtaha/.pico-sdk/sdk/2.1.0/src/rp2_common/pico_stdio_uart/stdio_uart.c.obj
 .rodata.__bi_50.6
                0x100074b8        0x8 CMakeFiles/project_phase2.dir/C_/Users/mtaha/.pico-sdk/sdk/2.1.0/src/rp2_common/pico_stdio_uart/stdio_uart.c.obj
 .rodata._resetd_driver
                0x100074c0       0x20 CMakeFiles/project_phase2.dir/C_/Users/mtaha/.pico-sdk/sdk/2.1.0/src/rp2_common/pico_stdio_usb/reset_interface.c.obj
 .rodata.desc_ms_os_20
                0x100074e0       0xa6 CMakeFiles/project_phase2.dir/C_/Users/mtaha/.pico-sdk/sdk/2.1.0/src/rp2_common/pico_stdio_usb/reset_interface.c.obj
 *fill*         0x10007586        0x2 
 .rodata.desc_bos
                0x10007588       0x21 CMakeFiles/project_phase2.dir/C_/Users/mtaha/.pico-sdk/sdk/2.1.0/src/rp2_common/pico_stdio_usb/reset_interface.c.obj
                0x10007588                desc_bos
 .rodata.str1.4
                0x100075a9       0x13 CMakeFiles/project_phase2.dir/C_/Users/mtaha/.pico-sdk/sdk/2.1.0/src/rp2_common/pico_stdio_usb/stdio_usb.c.obj
 *fill*         0x100075a9        0x3 
 .rodata.__bi_197.0
                0x100075ac        0xc CMakeFiles/project_phase2.dir/C_/Users/mtaha/.pico-sdk/sdk/2.1.0/src/rp2_common/pico_stdio_usb/stdio_usb.c.obj
 .rodata.str1.4
                0x100075b8       0x2a CMakeFiles/project_phase2.dir/C_/Users/mtaha/.pico-sdk/sdk/2.1.0/src/rp2_common/pico_stdio_usb/stdio_usb_descriptors.c.obj
 .rodata.usbd_desc_str
                0x100075b8       0x18 CMakeFiles/project_phase2.dir/C_/Users/mtaha/.pico-sdk/sdk/2.1.0/src/rp2_common/pico_stdio_usb/stdio_usb_descriptors.c.obj
 .rodata.usbd_desc_cfg
                0x100075d0       0x54 CMakeFiles/project_phase2.dir/C_/Users/mtaha/.pico-sdk/sdk/2.1.0/src/rp2_common/pico_stdio_usb/stdio_usb_descriptors.c.obj
 .rodata.usbd_desc_device
                0x10007624       0x12 CMakeFiles/project_phase2.dir/C_/Users/mtaha/.pico-sdk/sdk/2.1.0/src/rp2_common/pico_stdio_usb/stdio_usb_descriptors.c.obj
 .rodata.str1.4
                0x10007636       0x14 CMakeFiles/project_phase2.dir/C_/Users/mtaha/.pico-sdk/sdk/2.1.0/lib/tinyusb/src/portable/raspberrypi/rp2040/dcd_rp2040.c.obj
 .rodata.str1.4
                0x10007636       0x48 CMakeFiles/project_phase2.dir/C_/Users/mtaha/.pico-sdk/sdk/2.1.0/lib/tinyusb/src/portable/raspberrypi/rp2040/rp2040_usb.c.obj
 *fill*         0x10007636        0x2 
 .rodata.tud_task_ext
                0x10007638       0x8c CMakeFiles/project_phase2.dir/C_/Users/mtaha/.pico-sdk/sdk/2.1.0/lib/tinyusb/src/device/usbd.c.obj
 .rodata        0x100076c4       0x1c CMakeFiles/project_phase2.dir/C_/Users/mtaha/.pico-sdk/sdk/2.1.0/lib/tinyusb/src/device/usbd.c.obj
 .rodata._usbd_driver
                0x100076e0       0x40 CMakeFiles/project_phase2.dir/C_/Users/mtaha/.pico-sdk/sdk/2.1.0/lib/tinyusb/src/device/usbd.c.obj
                0x10007720                        . = ALIGN (0x4)
 *(SORT_BY_ALIGNMENT(SORT_BY_NAME(.flashdata*)))
                0x10007720                        . = ALIGN (0x4)

.ARM.extab
 *(.ARM.extab* .gnu.linkonce.armextab.*)
                0x10007720                        __exidx_start = .

.ARM.exidx
 *(.ARM.exidx* .gnu.linkonce.armexidx.*)
                0x10007720                        __exidx_end = .
                0x10007720                        . = ALIGN (0x4)
                0x10007720                        __binary_info_start = .

.binary_info    0x10007720       0x30
 *(.binary_info.keep.*)
 .binary_info.keep.__bi_ptr84
                0x10007720        0x4 CMakeFiles/project_phase2.dir/C_/Users/mtaha/.pico-sdk/sdk/2.1.0/src/rp2_common/pico_standard_binary_info/standard_binary_info.c.obj
 .binary_info.keep.__bi_ptr78
                0x10007724        0x4 CMakeFiles/project_phase2.dir/C_/Users/mtaha/.pico-sdk/sdk/2.1.0/src/rp2_common/pico_standard_binary_info/standard_binary_info.c.obj
 .binary_info.keep.__bi_ptr60
                0x10007728        0x4 CMakeFiles/project_phase2.dir/C_/Users/mtaha/.pico-sdk/sdk/2.1.0/src/rp2_common/pico_standard_binary_info/standard_binary_info.c.obj
 .binary_info.keep.__bi_ptr54
                0x1000772c        0x4 CMakeFiles/project_phase2.dir/C_/Users/mtaha/.pico-sdk/sdk/2.1.0/src/rp2_common/pico_standard_binary_info/standard_binary_info.c.obj
 .binary_info.keep.__bi_ptr48
                0x10007730        0x4 CMakeFiles/project_phase2.dir/C_/Users/mtaha/.pico-sdk/sdk/2.1.0/src/rp2_common/pico_standard_binary_info/standard_binary_info.c.obj
 .binary_info.keep.__bi_ptr42
                0x10007734        0x4 CMakeFiles/project_phase2.dir/C_/Users/mtaha/.pico-sdk/sdk/2.1.0/src/rp2_common/pico_standard_binary_info/standard_binary_info.c.obj
 .binary_info.keep.__bi_ptr34
                0x10007738        0x4 CMakeFiles/project_phase2.dir/C_/Users/mtaha/.pico-sdk/sdk/2.1.0/src/rp2_common/pico_standard_binary_info/standard_binary_info.c.obj
 .binary_info.keep.__bi_ptr26
                0x1000773c        0x4 CMakeFiles/project_phase2.dir/C_/Users/mtaha/.pico-sdk/sdk/2.1.0/src/rp2_common/pico_standard_binary_info/standard_binary_info.c.obj
 *(.binary_info.*)
 .binary_info.__bi_ptr50
                0x10007740        0x4 CMakeFiles/project_phase2.dir/C_/Users/mtaha/.pico-sdk/sdk/2.1.0/src/rp2_common/pico_stdio_uart/stdio_uart.c.obj
 .binary_info.__bi_ptr49
                0x10007744        0x4 CMakeFiles/project_phase2.dir/C_/Users/mtaha/.pico-sdk/sdk/2.1.0/src/rp2_common/pico_stdio_uart/stdio_uart.c.obj
 .binary_info.__bi_ptr45
                0x10007748        0x4 CMakeFiles/project_phase2.dir/C_/Users/mtaha/.pico-sdk/sdk/2.1.0/src/rp2_common/pico_stdio_uart/stdio_uart.c.obj
 .binary_info.__bi_ptr197
                0x1000774c        0x4 CMakeFiles/project_phase2.dir/C_/Users/mtaha/.pico-sdk/sdk/2.1.0/src/rp2_common/pico_stdio_usb/stdio_usb.c.obj
                0x10007750                        __binary_info_end = .

.rel.dyn        0x10007750        0x0
 .rel.iplt      0x10007750        0x0 C:/Users/mtaha/.pico-sdk/toolchain/13_3_Rel1/bin/../lib/gcc/arm-none-eabi/13.3.1/thumb/v6-m/nofp/crtbegin.o
                0x10007750                        . = ALIGN (0x4)

.ram_vector_table
                0x20000000       0xc0
 *(.ram_vector_table)
 .ram_vector_table
                0x20000000       0xc0 CMakeFiles/project_phase2.dir/C_/Users/mtaha/.pico-sdk/sdk/2.1.0/src/rp2_common/pico_runtime_init/runtime_init.c.obj
                0x20000000                ram_vector_table

.uninitialized_data
                0x200000c0        0x0
                0x200000c0                        . = ALIGN (0x4)
 *(.uninitialized_data*)

.data           0x200000c0      0xfb8 load address 0x10007750
                0x200000c0                        __data_start__ = .
 *(vtable)
 *(.time_critical*)
 .time_critical.mutex_try_enter
                0x200000c0       0x40 CMakeFiles/project_phase2.dir/C_/Users/mtaha/.pico-sdk/sdk/2.1.0/src/common/pico_sync/mutex.c.obj
                0x200000c0                mutex_try_enter
 .time_critical.mutex_try_enter_block_until
                0x20000100       0x9c CMakeFiles/project_phase2.dir/C_/Users/mtaha/.pico-sdk/sdk/2.1.0/src/common/pico_sync/mutex.c.obj
                0x20000100                mutex_try_enter_block_until
 .time_critical.mutex_enter_timeout_ms
                0x2000019c       0x90 CMakeFiles/project_phase2.dir/C_/Users/mtaha/.pico-sdk/sdk/2.1.0/src/common/pico_sync/mutex.c.obj
                0x2000019c                mutex_enter_timeout_ms
 .time_critical.mutex_exit
                0x2000022c       0x28 CMakeFiles/project_phase2.dir/C_/Users/mtaha/.pico-sdk/sdk/2.1.0/src/common/pico_sync/mutex.c.obj
                0x2000022c                mutex_exit
 .time_critical.flash_init_boot2_copyout
                0x20000254       0x30 CMakeFiles/project_phase2.dir/C_/Users/mtaha/.pico-sdk/sdk/2.1.0/src/rp2_common/hardware_flash/flash.c.obj
 .time_critical.flash_enable_xip_via_boot2
                0x20000284        0xc CMakeFiles/project_phase2.dir/C_/Users/mtaha/.pico-sdk/sdk/2.1.0/src/rp2_common/hardware_flash/flash.c.obj
 .time_critical.flash_cs_force
                0x20000290       0x38 CMakeFiles/project_phase2.dir/C_/Users/mtaha/.pico-sdk/sdk/2.1.0/src/rp2_common/hardware_flash/flash.c.obj
 .time_critical.flash_do_cmd
                0x200002c8       0xc0 CMakeFiles/project_phase2.dir/C_/Users/mtaha/.pico-sdk/sdk/2.1.0/src/rp2_common/hardware_flash/flash.c.obj
                0x200002c8                flash_do_cmd
 .time_critical.reset_non_control_endpoints
                0x20000388       0x68 CMakeFiles/project_phase2.dir/C_/Users/mtaha/.pico-sdk/sdk/2.1.0/lib/tinyusb/src/portable/raspberrypi/rp2040/dcd_rp2040.c.obj
 .time_critical.hw_handle_buff_status
                0x200003f0       0xb0 CMakeFiles/project_phase2.dir/C_/Users/mtaha/.pico-sdk/sdk/2.1.0/lib/tinyusb/src/portable/raspberrypi/rp2040/dcd_rp2040.c.obj
 .time_critical.dcd_rp2040_irq
                0x200004a0      0x578 CMakeFiles/project_phase2.dir/C_/Users/mtaha/.pico-sdk/sdk/2.1.0/lib/tinyusb/src/portable/raspberrypi/rp2040/dcd_rp2040.c.obj
 .time_critical.prepare_ep_buffer
                0x20000a18       0xe0 CMakeFiles/project_phase2.dir/C_/Users/mtaha/.pico-sdk/sdk/2.1.0/lib/tinyusb/src/portable/raspberrypi/rp2040/rp2040_usb.c.obj
 .time_critical.sync_ep_buffer
                0x20000af8       0xa8 CMakeFiles/project_phase2.dir/C_/Users/mtaha/.pico-sdk/sdk/2.1.0/lib/tinyusb/src/portable/raspberrypi/rp2040/rp2040_usb.c.obj
 .time_critical._hw_endpoint_xfer_sync
                0x20000ba0       0x28 CMakeFiles/project_phase2.dir/C_/Users/mtaha/.pico-sdk/sdk/2.1.0/lib/tinyusb/src/portable/raspberrypi/rp2040/rp2040_usb.c.obj
 .time_critical.e15_is_bulkin_ep
                0x20000bc8       0x28 CMakeFiles/project_phase2.dir/C_/Users/mtaha/.pico-sdk/sdk/2.1.0/lib/tinyusb/src/portable/raspberrypi/rp2040/rp2040_usb.c.obj
 .time_critical.e15_is_critical_frame_period
                0x20000bf0       0x34 CMakeFiles/project_phase2.dir/C_/Users/mtaha/.pico-sdk/sdk/2.1.0/lib/tinyusb/src/portable/raspberrypi/rp2040/rp2040_usb.c.obj
 .time_critical.hw_endpoint_reset_transfer
                0x20000c24        0xc CMakeFiles/project_phase2.dir/C_/Users/mtaha/.pico-sdk/sdk/2.1.0/lib/tinyusb/src/portable/raspberrypi/rp2040/rp2040_usb.c.obj
                0x20000c24                hw_endpoint_reset_transfer
 .time_critical._hw_endpoint_buffer_control_update32
                0x20000c30       0x50 CMakeFiles/project_phase2.dir/C_/Users/mtaha/.pico-sdk/sdk/2.1.0/lib/tinyusb/src/portable/raspberrypi/rp2040/rp2040_usb.c.obj
                0x20000c30                _hw_endpoint_buffer_control_update32
 .time_critical.hw_endpoint_start_next_buffer
                0x20000c80       0x6c CMakeFiles/project_phase2.dir/C_/Users/mtaha/.pico-sdk/sdk/2.1.0/lib/tinyusb/src/portable/raspberrypi/rp2040/rp2040_usb.c.obj
                0x20000c80                hw_endpoint_start_next_buffer
 .time_critical.hw_endpoint_xfer_continue
                0x20000cec       0x40 CMakeFiles/project_phase2.dir/C_/Users/mtaha/.pico-sdk/sdk/2.1.0/lib/tinyusb/src/portable/raspberrypi/rp2040/rp2040_usb.c.obj
                0x20000cec                hw_endpoint_xfer_continue
 .time_critical.tinyusb
                0x20000d2c      0x1e4 CMakeFiles/project_phase2.dir/C_/Users/mtaha/.pico-sdk/sdk/2.1.0/lib/tinyusb/src/device/usbd.c.obj
                0x20000d2c                dcd_event_handler
 *(.text*)
 .text          0x20000f10        0x4 C:/Users/mtaha/.pico-sdk/toolchain/13_3_Rel1/bin/../lib/gcc/arm-none-eabi/13.3.1/thumb/v6-m/nofp\libgcc.a(_dvmd_tls.o)
                0x20000f10                __aeabi_idiv0
                0x20000f10                __aeabi_ldiv0
 *fill*         0x20000f14        0x4 
 .text.__stub   0x20000f18       0x80 linker stubs
                0x20000f98                        . = ALIGN (0x4)
 *(.rodata*)
                0x20000f98                        . = ALIGN (0x4)
 *(.data*)
 .data.striped_spin_lock_num
                0x20000f98        0x1 CMakeFiles/project_phase2.dir/C_/Users/mtaha/.pico-sdk/sdk/2.1.0/src/rp2_common/hardware_sync/sync.c.obj
 *fill*         0x20000f99        0x3 
 .data          0x20000f9c       0x48 CMakeFiles/project_phase2.dir/C_/Users/mtaha/.pico-sdk/sdk/2.1.0/src/rp2_common/hardware_irq/irq_handler_chain.S.obj
                0x20000f9c                irq_handler_chain_slots
                0x20000fcc                irq_handler_chain_first_slot
                0x20000fd6                irq_handler_chain_remove_tail
 .data.default_alarm_pool
                0x20000fe4       0x18 CMakeFiles/project_phase2.dir/C_/Users/mtaha/.pico-sdk/sdk/2.1.0/src/common/pico_time/time.c.obj
 *fill*         0x20000ffc        0x4 
 .data.aeabi_bits_funcs
                0x20001000       0x10 CMakeFiles/project_phase2.dir/C_/Users/mtaha/.pico-sdk/sdk/2.1.0/src/rp2_common/pico_bit_ops/bit_ops_aeabi.S.obj
                0x20001000                aeabi_bits_funcs
                0x20001010                aeabi_bits_funcs_end
 .data.aeabi_mem_funcs
                0x20001010       0x10 CMakeFiles/project_phase2.dir/C_/Users/mtaha/.pico-sdk/sdk/2.1.0/src/rp2_common/pico_mem_ops/mem_ops_aeabi.S.obj
                0x20001010                aeabi_mem_funcs
                0x20001020                aeabi_mem_funcs_end
 .data.stdio_uart
                0x20001020       0x18 CMakeFiles/project_phase2.dir/C_/Users/mtaha/.pico-sdk/sdk/2.1.0/src/rp2_common/pico_stdio_uart/stdio_uart.c.obj
                0x20001020                stdio_uart
 .data.stdio_usb
                0x20001038       0x18 CMakeFiles/project_phase2.dir/C_/Users/mtaha/.pico-sdk/sdk/2.1.0/src/rp2_common/pico_stdio_usb/stdio_usb.c.obj
                0x20001038                stdio_usb
 .data._usbd_qdef
                0x20001050       0x1c CMakeFiles/project_phase2.dir/C_/Users/mtaha/.pico-sdk/sdk/2.1.0/lib/tinyusb/src/device/usbd.c.obj
                0x20001050                _usbd_qdef
 .data._usbd_rhport
                0x2000106c        0x1 CMakeFiles/project_phase2.dir/C_/Users/mtaha/.pico-sdk/sdk/2.1.0/lib/tinyusb/src/device/usbd.c.obj
                0x20001070                        . = ALIGN (0x4)
 *fill*         0x2000106d        0x3 
 *(.after_data.*)
                0x20001070                        . = ALIGN (0x4)
                0x20001070                        PROVIDE (__mutex_array_start = .)
 *(SORT_BY_NAME(.mutex_array.*))
 *(.mutex_array)
 .mutex_array   0x20001070        0x8 CMakeFiles/project_phase2.dir/C_/Users/mtaha/.pico-sdk/sdk/2.1.0/src/rp2_common/pico_stdio/stdio.c.obj
                0x20001078                        PROVIDE (__mutex_array_end = .)
                0x20001078                        . = ALIGN (0x4)
 *(.jcr)
                0x20001078                        . = ALIGN (0x4)

.tm_clone_table
                0x20001078        0x0 load address 0x10008708
 .tm_clone_table
                0x20001078        0x0 C:/Users/mtaha/.pico-sdk/toolchain/13_3_Rel1/bin/../lib/gcc/arm-none-eabi/13.3.1/thumb/v6-m/nofp/crtbegin.o
 .tm_clone_table
                0x20001078        0x0 C:/Users/mtaha/.pico-sdk/toolchain/13_3_Rel1/bin/../lib/gcc/arm-none-eabi/13.3.1/thumb/v6-m/nofp/crtend.o

.igot.plt       0x20001078        0x0 load address 0x10008708
 .igot.plt      0x20001078        0x0 C:/Users/mtaha/.pico-sdk/toolchain/13_3_Rel1/bin/../lib/gcc/arm-none-eabi/13.3.1/thumb/v6-m/nofp/crtbegin.o

.tdata          0x20001078        0x0 load address 0x10008708
                0x20001078                        . = ALIGN (0x4)
 *(.tdata .tdata.* .gnu.linkonce.td.*)
                0x20001078                        __tdata_end = .
                0x20001078                        PROVIDE (__data_end__ = .)
                0x10007750                        __etext = LOADADDR (.data)

.tbss           0x20001078        0x0 load address 0x10008708
                0x20001078                        . = ALIGN (0x4)
                0x20001078                        __bss_start__ = .
                0x20001078                        __tls_base = .
 *(.tbss .tbss.* .gnu.linkonce.tb.*)
 *(.tcommon)
                0x20001078                        __tls_end = .

.bss            0x20001078     0x1858 load address 0x10008708
                0x20001078                        . = ALIGN (0x4)
                0x20001078                        __tbss_end = .
 *(SORT_BY_ALIGNMENT(SORT_BY_NAME(.bss*)))
 .bss.default_alarm_pool_entries
                0x20001078      0x180 CMakeFiles/project_phase2.dir/C_/Users/mtaha/.pico-sdk/sdk/2.1.0/src/common/pico_time/time.c.obj
 .bss.last_avail_time.1
                0x200011f8        0x8 CMakeFiles/project_phase2.dir/C_/Users/mtaha/.pico-sdk/sdk/2.1.0/src/rp2_common/pico_stdio_usb/stdio_usb.c.obj
 .bss.sd_table  0x20001200      0x100 CMakeFiles/project_phase2.dir/C_/Users/mtaha/.pico-sdk/sdk/2.1.0/src/rp2_common/pico_double/double_init_rom_rp2040.c.obj
                0x20001200                sd_table
 .bss.sf_table  0x20001300      0x100 CMakeFiles/project_phase2.dir/C_/Users/mtaha/.pico-sdk/sdk/2.1.0/src/rp2_common/pico_float/float_init_rom_rp2040.c.obj
                0x20001300                sf_table
 .bss._app_driver
                0x20001400        0x4 CMakeFiles/project_phase2.dir/C_/Users/mtaha/.pico-sdk/sdk/2.1.0/lib/tinyusb/src/device/usbd.c.obj
 .bss._cdcd_fifo_cfg
                0x20001404        0x1 CMakeFiles/project_phase2.dir/C_/Users/mtaha/.pico-sdk/sdk/2.1.0/lib/tinyusb/src/class/cdc/cdc_device.c.obj
 *fill*         0x20001405        0x3 
 .bss._cdcd_itf
                0x20001408      0x2c8 CMakeFiles/project_phase2.dir/C_/Users/mtaha/.pico-sdk/sdk/2.1.0/lib/tinyusb/src/class/cdc/cdc_device.c.obj
 .bss._ctrl_xfer
                0x200016d0       0x14 CMakeFiles/project_phase2.dir/C_/Users/mtaha/.pico-sdk/sdk/2.1.0/lib/tinyusb/src/device/usbd_control.c.obj
 .bss._ubsd_mutexdef
                0x200016e4        0x8 CMakeFiles/project_phase2.dir/C_/Users/mtaha/.pico-sdk/sdk/2.1.0/lib/tinyusb/src/device/usbd.c.obj
 .bss._usbd_ctrl_buf
                0x200016ec       0x40 CMakeFiles/project_phase2.dir/C_/Users/mtaha/.pico-sdk/sdk/2.1.0/lib/tinyusb/src/device/usbd_control.c.obj
 .bss._usbd_dev
                0x2000172c       0x54 CMakeFiles/project_phase2.dir/C_/Users/mtaha/.pico-sdk/sdk/2.1.0/lib/tinyusb/src/device/usbd.c.obj
 .bss._usbd_mutex
                0x20001780        0x4 CMakeFiles/project_phase2.dir/C_/Users/mtaha/.pico-sdk/sdk/2.1.0/lib/tinyusb/src/device/usbd.c.obj
 .bss._usbd_q   0x20001784        0x4 CMakeFiles/project_phase2.dir/C_/Users/mtaha/.pico-sdk/sdk/2.1.0/lib/tinyusb/src/device/usbd.c.obj
 .bss._usbd_qdef_buf
                0x20001788       0xc0 CMakeFiles/project_phase2.dir/C_/Users/mtaha/.pico-sdk/sdk/2.1.0/lib/tinyusb/src/device/usbd.c.obj
                0x20001788                _usbd_qdef_buf
 .bss._vendord_itf
                0x20001848      0x2cc CMakeFiles/project_phase2.dir/C_/Users/mtaha/.pico-sdk/sdk/2.1.0/lib/tinyusb/src/class/vendor/vendor_device.c.obj
 .bss.boot2_copyout
                0x20001b14      0x100 CMakeFiles/project_phase2.dir/C_/Users/mtaha/.pico-sdk/sdk/2.1.0/src/rp2_common/hardware_flash/flash.c.obj
 .bss.chars_available_callback
                0x20001c14        0x4 CMakeFiles/project_phase2.dir/C_/Users/mtaha/.pico-sdk/sdk/2.1.0/src/rp2_common/pico_stdio_uart/stdio_uart.c.obj
 .bss.chars_available_callback
                0x20001c18        0x4 CMakeFiles/project_phase2.dir/C_/Users/mtaha/.pico-sdk/sdk/2.1.0/src/rp2_common/pico_stdio_usb/stdio_usb.c.obj
 .bss.chars_available_param
                0x20001c1c        0x4 CMakeFiles/project_phase2.dir/C_/Users/mtaha/.pico-sdk/sdk/2.1.0/src/rp2_common/pico_stdio_uart/stdio_uart.c.obj
 .bss.chars_available_param
                0x20001c20        0x4 CMakeFiles/project_phase2.dir/C_/Users/mtaha/.pico-sdk/sdk/2.1.0/src/rp2_common/pico_stdio_usb/stdio_usb.c.obj
 .bss.claimed   0x20001c24        0x4 CMakeFiles/project_phase2.dir/C_/Users/mtaha/.pico-sdk/sdk/2.1.0/src/rp2_common/hardware_sync/sync.c.obj
 .bss.claimed   0x20001c28        0x1 CMakeFiles/project_phase2.dir/C_/Users/mtaha/.pico-sdk/sdk/2.1.0/src/rp2_common/hardware_timer/timer.c.obj
 *fill*         0x20001c29        0x3 
 .bss.configured_freq
                0x20001c2c       0x28 CMakeFiles/project_phase2.dir/C_/Users/mtaha/.pico-sdk/sdk/2.1.0/src/rp2_common/hardware_clocks/clocks.c.obj
 .bss.desc_str.0
                0x20001c54       0x28 CMakeFiles/project_phase2.dir/C_/Users/mtaha/.pico-sdk/sdk/2.1.0/src/rp2_common/pico_stdio_usb/stdio_usb_descriptors.c.obj
 .bss.drivers   0x20001c7c        0x4 CMakeFiles/project_phase2.dir/C_/Users/mtaha/.pico-sdk/sdk/2.1.0/src/rp2_common/pico_stdio/stdio.c.obj
 .bss.e15_last_sof
                0x20001c80        0x4 CMakeFiles/project_phase2.dir/C_/Users/mtaha/.pico-sdk/sdk/2.1.0/lib/tinyusb/src/portable/raspberrypi/rp2040/rp2040_usb.c.obj
                0x20001c80                e15_last_sof
 .bss.filter    0x20001c84        0x4 CMakeFiles/project_phase2.dir/C_/Users/mtaha/.pico-sdk/sdk/2.1.0/src/rp2_common/pico_stdio/stdio.c.obj
 .bss.hw_endpoints
                0x20001c88      0x400 CMakeFiles/project_phase2.dir/C_/Users/mtaha/.pico-sdk/sdk/2.1.0/lib/tinyusb/src/portable/raspberrypi/rp2040/dcd_rp2040.c.obj
 .bss.lazy_vsnprintf
                0x20002088        0x4 CMakeFiles/project_phase2.dir/C_/Users/mtaha/.pico-sdk/sdk/2.1.0/src/rp2_common/pico_printf/printf.c.obj
 .bss.load_value
                0x2000208c        0x4 CMakeFiles/project_phase2.dir/C_/Users/mtaha/.pico-sdk/sdk/2.1.0/src/rp2_common/hardware_watchdog/watchdog.c.obj
 .bss.next_buffer_ptr
                0x20002090        0x4 CMakeFiles/project_phase2.dir/C_/Users/mtaha/.pico-sdk/sdk/2.1.0/lib/tinyusb/src/portable/raspberrypi/rp2040/dcd_rp2040.c.obj
 .bss.object.0  0x20002094       0x18 C:/Users/mtaha/.pico-sdk/toolchain/13_3_Rel1/bin/../lib/gcc/arm-none-eabi/13.3.1/thumb/v6-m/nofp/crtbegin.o
 .bss.one_shot_timer_crit_sec
                0x200020ac        0x8 CMakeFiles/project_phase2.dir/C_/Users/mtaha/.pico-sdk/sdk/2.1.0/src/rp2_common/pico_stdio_usb/stdio_usb.c.obj
 .bss.pools     0x200020b4       0x10 CMakeFiles/project_phase2.dir/C_/Users/mtaha/.pico-sdk/sdk/2.1.0/src/common/pico_time/time.c.obj
 .bss.retrieved_id
                0x200020c4        0x8 CMakeFiles/project_phase2.dir/C_/Users/mtaha/.pico-sdk/sdk/2.1.0/src/rp2_common/pico_unique_id/unique_id.c.obj
 .bss.sample_buf
                0x200020cc      0x7d0 CMakeFiles/project_phase2.dir/main.c.obj
                0x200020cc                sample_buf
 .bss.sf_clz_func
                0x2000289c        0x4 CMakeFiles/project_phase2.dir/C_/Users/mtaha/.pico-sdk/sdk/2.1.0/src/rp2_common/pico_double/double_init_rom_rp2040.c.obj
                0x2000289c                sf_clz_func
 .bss.sleep_notifier
                0x200028a0        0x4 CMakeFiles/project_phase2.dir/C_/Users/mtaha/.pico-sdk/sdk/2.1.0/src/common/pico_time/time.c.obj
 .bss.stdio_usb_mutex
                0x200028a4        0x8 CMakeFiles/project_phase2.dir/C_/Users/mtaha/.pico-sdk/sdk/2.1.0/src/rp2_common/pico_stdio_usb/stdio_usb.c.obj
 .bss.uart_char_to_line_feed
                0x200028ac        0x4 CMakeFiles/project_phase2.dir/C_/Users/mtaha/.pico-sdk/sdk/2.1.0/src/rp2_common/hardware_uart/uart.c.obj
                0x200028ac                uart_char_to_line_feed
 .bss.uart_instance
                0x200028b0        0x4 CMakeFiles/project_phase2.dir/C_/Users/mtaha/.pico-sdk/sdk/2.1.0/src/rp2_common/pico_stdio_uart/stdio_uart.c.obj
 .bss.usbd_serial_str
                0x200028b4       0x11 CMakeFiles/project_phase2.dir/C_/Users/mtaha/.pico-sdk/sdk/2.1.0/src/rp2_common/pico_stdio_usb/stdio_usb_descriptors.c.obj
 .bss._app_driver_count
                0x200028c5        0x1 CMakeFiles/project_phase2.dir/C_/Users/mtaha/.pico-sdk/sdk/2.1.0/lib/tinyusb/src/device/usbd.c.obj
 .bss._sof_enable
                0x200028c6        0x1 CMakeFiles/project_phase2.dir/C_/Users/mtaha/.pico-sdk/sdk/2.1.0/lib/tinyusb/src/portable/raspberrypi/rp2040/dcd_rp2040.c.obj
 .bss._usbd_queued_setup
                0x200028c7        0x1 CMakeFiles/project_phase2.dir/C_/Users/mtaha/.pico-sdk/sdk/2.1.0/lib/tinyusb/src/device/usbd.c.obj
 .bss.boot2_copyout_valid
                0x200028c8        0x1 CMakeFiles/project_phase2.dir/C_/Users/mtaha/.pico-sdk/sdk/2.1.0/src/rp2_common/hardware_flash/flash.c.obj
 .bss.irq_handler_chain_free_slot_head
                0x200028c9        0x1 CMakeFiles/project_phase2.dir/C_/Users/mtaha/.pico-sdk/sdk/2.1.0/src/rp2_common/hardware_irq/irq.c.obj
 .bss.itf_num   0x200028ca        0x1 CMakeFiles/project_phase2.dir/C_/Users/mtaha/.pico-sdk/sdk/2.1.0/src/rp2_common/pico_stdio_usb/reset_interface.c.obj
 .bss.low_priority_irq_num
                0x200028cb        0x1 CMakeFiles/project_phase2.dir/C_/Users/mtaha/.pico-sdk/sdk/2.1.0/src/rp2_common/pico_stdio_usb/stdio_usb.c.obj
 .bss.one_shot_timer_pending
                0x200028cc        0x1 CMakeFiles/project_phase2.dir/C_/Users/mtaha/.pico-sdk/sdk/2.1.0/src/rp2_common/pico_stdio_usb/stdio_usb.c.obj
 .bss.user_irq_claimed
                0x200028cd        0x1 CMakeFiles/project_phase2.dir/C_/Users/mtaha/.pico-sdk/sdk/2.1.0/src/rp2_common/hardware_irq/irq.c.obj
 *(COMMON)
                0x200028d0                        . = ALIGN (0x4)
 *fill*         0x200028ce        0x2 
                0x200028d0                        __bss_end__ = .

.heap           0x200028d0      0x800 load address 0x10008708
                0x200028d0                        __end__ = .
                0x200028d0                        end = __end__
 *(.heap*)
 .heap          0x200028d0      0x800 CMakeFiles/project_phase2.dir/C_/Users/mtaha/.pico-sdk/sdk/2.1.0/src/rp2_common/pico_crt0/crt0.S.obj
                0x20040000                        __HeapLimit = (ORIGIN (RAM) + LENGTH (RAM))

.scratch_x      0x20040000        0x0 load address 0x10008708
                0x20040000                        __scratch_x_start__ = .
 *(.scratch_x.*)
                0x20040000                        . = ALIGN (0x4)
                0x20040000                        __scratch_x_end__ = .
                0x10008708                        __scratch_x_source__ = LOADADDR (.scratch_x)

.scratch_y      0x20041000        0x0 load address 0x10008708
                0x20041000                        __scratch_y_start__ = .
 *(.scratch_y.*)
                0x20041000                        . = ALIGN (0x4)
                0x20041000                        __scratch_y_end__ = .
                0x10008708                        __scratch_y_source__ = LOADADDR (.scratch_y)

.stack1_dummy
 *(.stack1*)

.stack_dummy    0x20041000      0x800
 *(.stack*)
 .stack         0x20041000      0x800 CMakeFiles/project_phase2.dir/C_/Users/mtaha/.pico-sdk/sdk/2.1.0/src/rp2_common/pico_crt0/crt0.S.obj

.flash_end      0x10008708        0x0
 *(.embedded_end_block*)
                0x10008708                        PROVIDE (__flash_binary_end = .)
                0x20040000                        __StackLimit = (ORIGIN (RAM) + LENGTH (RAM))